<testsuites name="jest tests" tests="13" failures="12" time="51.952">
  <testsuite name="Users" errors="0" failures="2" skipped="0" timestamp="2022-08-09T14:16:11" time="12.789" tests="2">
    <testcase classname="Users Elementos existen" name="Users Elementos existen" time="0.25">
      <failure>Error: could not find react-redux context value; please ensure the component is wrapped in a &lt;Provider&gt;
    at useReduxContext (D:\Aprendo\Proyectos\React\FakeApi\c23a691f-d834-420c-b26d-9b2a637d96fd\node_modules\react-redux\lib\hooks\useReduxContext.js:30:11)
    at useStore (D:\Aprendo\Proyectos\React\FakeApi\c23a691f-d834-420c-b26d-9b2a637d96fd\node_modules\react-redux\lib\hooks\useStore.js:28:28)
    at useDispatch (D:\Aprendo\Proyectos\React\FakeApi\c23a691f-d834-420c-b26d-9b2a637d96fd\node_modules\react-redux\lib\hooks\useDispatch.js:24:17)
    at LoginView (D:\Aprendo\Proyectos\React\FakeApi\c23a691f-d834-420c-b26d-9b2a637d96fd\src\views\LoginView.tsx:16:22)
    at renderWithHooks (D:\Aprendo\Proyectos\React\FakeApi\c23a691f-d834-420c-b26d-9b2a637d96fd\node_modules\react-dom\cjs\react-dom.development.js:14803:18)
    at mountIndeterminateComponent (D:\Aprendo\Proyectos\React\FakeApi\c23a691f-d834-420c-b26d-9b2a637d96fd\node_modules\react-dom\cjs\react-dom.development.js:17482:13)
    at beginWork (D:\Aprendo\Proyectos\React\FakeApi\c23a691f-d834-420c-b26d-9b2a637d96fd\node_modules\react-dom\cjs\react-dom.development.js:18596:16)
    at HTMLUnknownElement.callCallback (D:\Aprendo\Proyectos\React\FakeApi\c23a691f-d834-420c-b26d-9b2a637d96fd\node_modules\react-dom\cjs\react-dom.development.js:188:14)
    at HTMLUnknownElement.callTheUserObjectsOperation (D:\Aprendo\Proyectos\React\FakeApi\c23a691f-d834-420c-b26d-9b2a637d96fd\node_modules\jsdom\lib\jsdom\living\generated\EventListener.js:26:30)
    at innerInvokeEventListeners (D:\Aprendo\Proyectos\React\FakeApi\c23a691f-d834-420c-b26d-9b2a637d96fd\node_modules\jsdom\lib\jsdom\living\events\EventTarget-impl.js:338:25)
    at invokeEventListeners (D:\Aprendo\Proyectos\React\FakeApi\c23a691f-d834-420c-b26d-9b2a637d96fd\node_modules\jsdom\lib\jsdom\living\events\EventTarget-impl.js:274:3)
    at HTMLUnknownElementImpl._dispatch (D:\Aprendo\Proyectos\React\FakeApi\c23a691f-d834-420c-b26d-9b2a637d96fd\node_modules\jsdom\lib\jsdom\living\events\EventTarget-impl.js:221:9)
    at HTMLUnknownElementImpl.dispatchEvent (D:\Aprendo\Proyectos\React\FakeApi\c23a691f-d834-420c-b26d-9b2a637d96fd\node_modules\jsdom\lib\jsdom\living\events\EventTarget-impl.js:94:17)
    at HTMLUnknownElement.dispatchEvent (D:\Aprendo\Proyectos\React\FakeApi\c23a691f-d834-420c-b26d-9b2a637d96fd\node_modules\jsdom\lib\jsdom\living\generated\EventTarget.js:231:34)
    at Object.invokeGuardedCallbackDev (D:\Aprendo\Proyectos\React\FakeApi\c23a691f-d834-420c-b26d-9b2a637d96fd\node_modules\react-dom\cjs\react-dom.development.js:237:16)
    at invokeGuardedCallback (D:\Aprendo\Proyectos\React\FakeApi\c23a691f-d834-420c-b26d-9b2a637d96fd\node_modules\react-dom\cjs\react-dom.development.js:292:31)
    at beginWork$1 (D:\Aprendo\Proyectos\React\FakeApi\c23a691f-d834-420c-b26d-9b2a637d96fd\node_modules\react-dom\cjs\react-dom.development.js:23203:7)
    at performUnitOfWork (D:\Aprendo\Proyectos\React\FakeApi\c23a691f-d834-420c-b26d-9b2a637d96fd\node_modules\react-dom\cjs\react-dom.development.js:22157:12)
    at workLoopSync (D:\Aprendo\Proyectos\React\FakeApi\c23a691f-d834-420c-b26d-9b2a637d96fd\node_modules\react-dom\cjs\react-dom.development.js:22130:22)
    at performSyncWorkOnRoot (D:\Aprendo\Proyectos\React\FakeApi\c23a691f-d834-420c-b26d-9b2a637d96fd\node_modules\react-dom\cjs\react-dom.development.js:21756:9)
    at scheduleUpdateOnFiber (D:\Aprendo\Proyectos\React\FakeApi\c23a691f-d834-420c-b26d-9b2a637d96fd\node_modules\react-dom\cjs\react-dom.development.js:21188:7)
    at updateContainer (D:\Aprendo\Proyectos\React\FakeApi\c23a691f-d834-420c-b26d-9b2a637d96fd\node_modules\react-dom\cjs\react-dom.development.js:24373:3)
    at D:\Aprendo\Proyectos\React\FakeApi\c23a691f-d834-420c-b26d-9b2a637d96fd\node_modules\react-dom\cjs\react-dom.development.js:24758:7
    at unbatchedUpdates (D:\Aprendo\Proyectos\React\FakeApi\c23a691f-d834-420c-b26d-9b2a637d96fd\node_modules\react-dom\cjs\react-dom.development.js:21903:12)
    at legacyRenderSubtreeIntoContainer (D:\Aprendo\Proyectos\React\FakeApi\c23a691f-d834-420c-b26d-9b2a637d96fd\node_modules\react-dom\cjs\react-dom.development.js:24757:5)
    at Object.render (D:\Aprendo\Proyectos\React\FakeApi\c23a691f-d834-420c-b26d-9b2a637d96fd\node_modules\react-dom\cjs\react-dom.development.js:24840:10)
    at D:\Aprendo\Proyectos\React\FakeApi\c23a691f-d834-420c-b26d-9b2a637d96fd\node_modules\@testing-library\react\dist\pure.js:101:25
    at batchedUpdates$1 (D:\Aprendo\Proyectos\React\FakeApi\c23a691f-d834-420c-b26d-9b2a637d96fd\node_modules\react-dom\cjs\react-dom.development.js:21856:12)
    at act (D:\Aprendo\Proyectos\React\FakeApi\c23a691f-d834-420c-b26d-9b2a637d96fd\node_modules\react-dom\cjs\react-dom-test-utils.development.js:929:14)
    at render (D:\Aprendo\Proyectos\React\FakeApi\c23a691f-d834-420c-b26d-9b2a637d96fd\node_modules\@testing-library\react\dist\pure.js:97:26)
    at render (D:\Aprendo\Proyectos\React\FakeApi\c23a691f-d834-420c-b26d-9b2a637d96fd\src\__tests__\Users.test.tsx:15:9)
    at Object.&lt;anonymous&gt; (D:\Aprendo\Proyectos\React\FakeApi\c23a691f-d834-420c-b26d-9b2a637d96fd\src\__tests__\Users.test.tsx:20:3)
    at Promise.then.completed (D:\Aprendo\Proyectos\React\FakeApi\c23a691f-d834-420c-b26d-9b2a637d96fd\node_modules\jest-circus\build\utils.js:276:28)
    at new Promise (&lt;anonymous&gt;)
    at callAsyncCircusFn (D:\Aprendo\Proyectos\React\FakeApi\c23a691f-d834-420c-b26d-9b2a637d96fd\node_modules\jest-circus\build\utils.js:216:10)
    at _callCircusHook (D:\Aprendo\Proyectos\React\FakeApi\c23a691f-d834-420c-b26d-9b2a637d96fd\node_modules\jest-circus\build\run.js:175:40)
    at processTicksAndRejections (internal/process/task_queues.js:95:5)
    at _runTest (D:\Aprendo\Proyectos\React\FakeApi\c23a691f-d834-420c-b26d-9b2a637d96fd\node_modules\jest-circus\build\run.js:142:5)
    at _runTestsForDescribeBlock (D:\Aprendo\Proyectos\React\FakeApi\c23a691f-d834-420c-b26d-9b2a637d96fd\node_modules\jest-circus\build\run.js:63:9)
    at _runTestsForDescribeBlock (D:\Aprendo\Proyectos\React\FakeApi\c23a691f-d834-420c-b26d-9b2a637d96fd\node_modules\jest-circus\build\run.js:57:9)
    at run (D:\Aprendo\Proyectos\React\FakeApi\c23a691f-d834-420c-b26d-9b2a637d96fd\node_modules\jest-circus\build\run.js:25:3)
    at runAndTransformResultsToJestFormat (D:\Aprendo\Proyectos\React\FakeApi\c23a691f-d834-420c-b26d-9b2a637d96fd\node_modules\jest-circus\build\legacy-code-todo-rewrite\jestAdapterInit.js:176:21)
    at jestAdapter (D:\Aprendo\Proyectos\React\FakeApi\c23a691f-d834-420c-b26d-9b2a637d96fd\node_modules\jest-circus\build\legacy-code-todo-rewrite\jestAdapter.js:109:19)
    at runTestInternal (D:\Aprendo\Proyectos\React\FakeApi\c23a691f-d834-420c-b26d-9b2a637d96fd\node_modules\jest-runner\build\runTest.js:380:16)
    at runTest (D:\Aprendo\Proyectos\React\FakeApi\c23a691f-d834-420c-b26d-9b2a637d96fd\node_modules\jest-runner\build\runTest.js:472:34)
    at Object.worker (D:\Aprendo\Proyectos\React\FakeApi\c23a691f-d834-420c-b26d-9b2a637d96fd\node_modules\jest-runner\build\testWorker.js:133:12)</failure>
    </testcase>
    <testcase classname="Users Botón redirecciona a /crear" name="Users Botón redirecciona a /crear" time="0.029">
      <failure>Error: could not find react-redux context value; please ensure the component is wrapped in a &lt;Provider&gt;
    at useReduxContext (D:\Aprendo\Proyectos\React\FakeApi\c23a691f-d834-420c-b26d-9b2a637d96fd\node_modules\react-redux\lib\hooks\useReduxContext.js:30:11)
    at useStore (D:\Aprendo\Proyectos\React\FakeApi\c23a691f-d834-420c-b26d-9b2a637d96fd\node_modules\react-redux\lib\hooks\useStore.js:28:28)
    at useDispatch (D:\Aprendo\Proyectos\React\FakeApi\c23a691f-d834-420c-b26d-9b2a637d96fd\node_modules\react-redux\lib\hooks\useDispatch.js:24:17)
    at LoginView (D:\Aprendo\Proyectos\React\FakeApi\c23a691f-d834-420c-b26d-9b2a637d96fd\src\views\LoginView.tsx:16:22)
    at renderWithHooks (D:\Aprendo\Proyectos\React\FakeApi\c23a691f-d834-420c-b26d-9b2a637d96fd\node_modules\react-dom\cjs\react-dom.development.js:14803:18)
    at mountIndeterminateComponent (D:\Aprendo\Proyectos\React\FakeApi\c23a691f-d834-420c-b26d-9b2a637d96fd\node_modules\react-dom\cjs\react-dom.development.js:17482:13)
    at beginWork (D:\Aprendo\Proyectos\React\FakeApi\c23a691f-d834-420c-b26d-9b2a637d96fd\node_modules\react-dom\cjs\react-dom.development.js:18596:16)
    at HTMLUnknownElement.callCallback (D:\Aprendo\Proyectos\React\FakeApi\c23a691f-d834-420c-b26d-9b2a637d96fd\node_modules\react-dom\cjs\react-dom.development.js:188:14)
    at HTMLUnknownElement.callTheUserObjectsOperation (D:\Aprendo\Proyectos\React\FakeApi\c23a691f-d834-420c-b26d-9b2a637d96fd\node_modules\jsdom\lib\jsdom\living\generated\EventListener.js:26:30)
    at innerInvokeEventListeners (D:\Aprendo\Proyectos\React\FakeApi\c23a691f-d834-420c-b26d-9b2a637d96fd\node_modules\jsdom\lib\jsdom\living\events\EventTarget-impl.js:338:25)
    at invokeEventListeners (D:\Aprendo\Proyectos\React\FakeApi\c23a691f-d834-420c-b26d-9b2a637d96fd\node_modules\jsdom\lib\jsdom\living\events\EventTarget-impl.js:274:3)
    at HTMLUnknownElementImpl._dispatch (D:\Aprendo\Proyectos\React\FakeApi\c23a691f-d834-420c-b26d-9b2a637d96fd\node_modules\jsdom\lib\jsdom\living\events\EventTarget-impl.js:221:9)
    at HTMLUnknownElementImpl.dispatchEvent (D:\Aprendo\Proyectos\React\FakeApi\c23a691f-d834-420c-b26d-9b2a637d96fd\node_modules\jsdom\lib\jsdom\living\events\EventTarget-impl.js:94:17)
    at HTMLUnknownElement.dispatchEvent (D:\Aprendo\Proyectos\React\FakeApi\c23a691f-d834-420c-b26d-9b2a637d96fd\node_modules\jsdom\lib\jsdom\living\generated\EventTarget.js:231:34)
    at Object.invokeGuardedCallbackDev (D:\Aprendo\Proyectos\React\FakeApi\c23a691f-d834-420c-b26d-9b2a637d96fd\node_modules\react-dom\cjs\react-dom.development.js:237:16)
    at invokeGuardedCallback (D:\Aprendo\Proyectos\React\FakeApi\c23a691f-d834-420c-b26d-9b2a637d96fd\node_modules\react-dom\cjs\react-dom.development.js:292:31)
    at beginWork$1 (D:\Aprendo\Proyectos\React\FakeApi\c23a691f-d834-420c-b26d-9b2a637d96fd\node_modules\react-dom\cjs\react-dom.development.js:23203:7)
    at performUnitOfWork (D:\Aprendo\Proyectos\React\FakeApi\c23a691f-d834-420c-b26d-9b2a637d96fd\node_modules\react-dom\cjs\react-dom.development.js:22157:12)
    at workLoopSync (D:\Aprendo\Proyectos\React\FakeApi\c23a691f-d834-420c-b26d-9b2a637d96fd\node_modules\react-dom\cjs\react-dom.development.js:22130:22)
    at performSyncWorkOnRoot (D:\Aprendo\Proyectos\React\FakeApi\c23a691f-d834-420c-b26d-9b2a637d96fd\node_modules\react-dom\cjs\react-dom.development.js:21756:9)
    at scheduleUpdateOnFiber (D:\Aprendo\Proyectos\React\FakeApi\c23a691f-d834-420c-b26d-9b2a637d96fd\node_modules\react-dom\cjs\react-dom.development.js:21188:7)
    at updateContainer (D:\Aprendo\Proyectos\React\FakeApi\c23a691f-d834-420c-b26d-9b2a637d96fd\node_modules\react-dom\cjs\react-dom.development.js:24373:3)
    at D:\Aprendo\Proyectos\React\FakeApi\c23a691f-d834-420c-b26d-9b2a637d96fd\node_modules\react-dom\cjs\react-dom.development.js:24758:7
    at unbatchedUpdates (D:\Aprendo\Proyectos\React\FakeApi\c23a691f-d834-420c-b26d-9b2a637d96fd\node_modules\react-dom\cjs\react-dom.development.js:21903:12)
    at legacyRenderSubtreeIntoContainer (D:\Aprendo\Proyectos\React\FakeApi\c23a691f-d834-420c-b26d-9b2a637d96fd\node_modules\react-dom\cjs\react-dom.development.js:24757:5)
    at Object.render (D:\Aprendo\Proyectos\React\FakeApi\c23a691f-d834-420c-b26d-9b2a637d96fd\node_modules\react-dom\cjs\react-dom.development.js:24840:10)
    at D:\Aprendo\Proyectos\React\FakeApi\c23a691f-d834-420c-b26d-9b2a637d96fd\node_modules\@testing-library\react\dist\pure.js:101:25
    at batchedUpdates$1 (D:\Aprendo\Proyectos\React\FakeApi\c23a691f-d834-420c-b26d-9b2a637d96fd\node_modules\react-dom\cjs\react-dom.development.js:21856:12)
    at act (D:\Aprendo\Proyectos\React\FakeApi\c23a691f-d834-420c-b26d-9b2a637d96fd\node_modules\react-dom\cjs\react-dom-test-utils.development.js:929:14)
    at render (D:\Aprendo\Proyectos\React\FakeApi\c23a691f-d834-420c-b26d-9b2a637d96fd\node_modules\@testing-library\react\dist\pure.js:97:26)
    at render (D:\Aprendo\Proyectos\React\FakeApi\c23a691f-d834-420c-b26d-9b2a637d96fd\src\__tests__\Users.test.tsx:15:9)
    at Object.&lt;anonymous&gt; (D:\Aprendo\Proyectos\React\FakeApi\c23a691f-d834-420c-b26d-9b2a637d96fd\src\__tests__\Users.test.tsx:20:3)
    at Promise.then.completed (D:\Aprendo\Proyectos\React\FakeApi\c23a691f-d834-420c-b26d-9b2a637d96fd\node_modules\jest-circus\build\utils.js:276:28)
    at new Promise (&lt;anonymous&gt;)
    at callAsyncCircusFn (D:\Aprendo\Proyectos\React\FakeApi\c23a691f-d834-420c-b26d-9b2a637d96fd\node_modules\jest-circus\build\utils.js:216:10)
    at _callCircusHook (D:\Aprendo\Proyectos\React\FakeApi\c23a691f-d834-420c-b26d-9b2a637d96fd\node_modules\jest-circus\build\run.js:175:40)
    at processTicksAndRejections (internal/process/task_queues.js:95:5)
    at _runTest (D:\Aprendo\Proyectos\React\FakeApi\c23a691f-d834-420c-b26d-9b2a637d96fd\node_modules\jest-circus\build\run.js:142:5)
    at _runTestsForDescribeBlock (D:\Aprendo\Proyectos\React\FakeApi\c23a691f-d834-420c-b26d-9b2a637d96fd\node_modules\jest-circus\build\run.js:63:9)
    at _runTestsForDescribeBlock (D:\Aprendo\Proyectos\React\FakeApi\c23a691f-d834-420c-b26d-9b2a637d96fd\node_modules\jest-circus\build\run.js:57:9)
    at run (D:\Aprendo\Proyectos\React\FakeApi\c23a691f-d834-420c-b26d-9b2a637d96fd\node_modules\jest-circus\build\run.js:25:3)
    at runAndTransformResultsToJestFormat (D:\Aprendo\Proyectos\React\FakeApi\c23a691f-d834-420c-b26d-9b2a637d96fd\node_modules\jest-circus\build\legacy-code-todo-rewrite\jestAdapterInit.js:176:21)
    at jestAdapter (D:\Aprendo\Proyectos\React\FakeApi\c23a691f-d834-420c-b26d-9b2a637d96fd\node_modules\jest-circus\build\legacy-code-todo-rewrite\jestAdapter.js:109:19)
    at runTestInternal (D:\Aprendo\Proyectos\React\FakeApi\c23a691f-d834-420c-b26d-9b2a637d96fd\node_modules\jest-runner\build\runTest.js:380:16)
    at runTest (D:\Aprendo\Proyectos\React\FakeApi\c23a691f-d834-420c-b26d-9b2a637d96fd\node_modules\jest-runner\build\runTest.js:472:34)
    at Object.worker (D:\Aprendo\Proyectos\React\FakeApi\c23a691f-d834-420c-b26d-9b2a637d96fd\node_modules\jest-runner\build\testWorker.js:133:12)</failure>
    </testcase>
  </testsuite>
  <testsuite name="Crear" errors="0" failures="3" skipped="0" timestamp="2022-08-09T14:16:11" time="12.928" tests="3">
    <testcase classname="Crear Elementos existen" name="Crear Elementos existen" time="0.226">
      <failure>Error: could not find react-redux context value; please ensure the component is wrapped in a &lt;Provider&gt;
    at useReduxContext (D:\Aprendo\Proyectos\React\FakeApi\c23a691f-d834-420c-b26d-9b2a637d96fd\node_modules\react-redux\lib\hooks\useReduxContext.js:30:11)
    at useStore (D:\Aprendo\Proyectos\React\FakeApi\c23a691f-d834-420c-b26d-9b2a637d96fd\node_modules\react-redux\lib\hooks\useStore.js:28:28)
    at useDispatch (D:\Aprendo\Proyectos\React\FakeApi\c23a691f-d834-420c-b26d-9b2a637d96fd\node_modules\react-redux\lib\hooks\useDispatch.js:24:17)
    at LoginView (D:\Aprendo\Proyectos\React\FakeApi\c23a691f-d834-420c-b26d-9b2a637d96fd\src\views\LoginView.tsx:16:22)
    at renderWithHooks (D:\Aprendo\Proyectos\React\FakeApi\c23a691f-d834-420c-b26d-9b2a637d96fd\node_modules\react-dom\cjs\react-dom.development.js:14803:18)
    at mountIndeterminateComponent (D:\Aprendo\Proyectos\React\FakeApi\c23a691f-d834-420c-b26d-9b2a637d96fd\node_modules\react-dom\cjs\react-dom.development.js:17482:13)
    at beginWork (D:\Aprendo\Proyectos\React\FakeApi\c23a691f-d834-420c-b26d-9b2a637d96fd\node_modules\react-dom\cjs\react-dom.development.js:18596:16)
    at HTMLUnknownElement.callCallback (D:\Aprendo\Proyectos\React\FakeApi\c23a691f-d834-420c-b26d-9b2a637d96fd\node_modules\react-dom\cjs\react-dom.development.js:188:14)
    at HTMLUnknownElement.callTheUserObjectsOperation (D:\Aprendo\Proyectos\React\FakeApi\c23a691f-d834-420c-b26d-9b2a637d96fd\node_modules\jsdom\lib\jsdom\living\generated\EventListener.js:26:30)
    at innerInvokeEventListeners (D:\Aprendo\Proyectos\React\FakeApi\c23a691f-d834-420c-b26d-9b2a637d96fd\node_modules\jsdom\lib\jsdom\living\events\EventTarget-impl.js:338:25)
    at invokeEventListeners (D:\Aprendo\Proyectos\React\FakeApi\c23a691f-d834-420c-b26d-9b2a637d96fd\node_modules\jsdom\lib\jsdom\living\events\EventTarget-impl.js:274:3)
    at HTMLUnknownElementImpl._dispatch (D:\Aprendo\Proyectos\React\FakeApi\c23a691f-d834-420c-b26d-9b2a637d96fd\node_modules\jsdom\lib\jsdom\living\events\EventTarget-impl.js:221:9)
    at HTMLUnknownElementImpl.dispatchEvent (D:\Aprendo\Proyectos\React\FakeApi\c23a691f-d834-420c-b26d-9b2a637d96fd\node_modules\jsdom\lib\jsdom\living\events\EventTarget-impl.js:94:17)
    at HTMLUnknownElement.dispatchEvent (D:\Aprendo\Proyectos\React\FakeApi\c23a691f-d834-420c-b26d-9b2a637d96fd\node_modules\jsdom\lib\jsdom\living\generated\EventTarget.js:231:34)
    at Object.invokeGuardedCallbackDev (D:\Aprendo\Proyectos\React\FakeApi\c23a691f-d834-420c-b26d-9b2a637d96fd\node_modules\react-dom\cjs\react-dom.development.js:237:16)
    at invokeGuardedCallback (D:\Aprendo\Proyectos\React\FakeApi\c23a691f-d834-420c-b26d-9b2a637d96fd\node_modules\react-dom\cjs\react-dom.development.js:292:31)
    at beginWork$1 (D:\Aprendo\Proyectos\React\FakeApi\c23a691f-d834-420c-b26d-9b2a637d96fd\node_modules\react-dom\cjs\react-dom.development.js:23203:7)
    at performUnitOfWork (D:\Aprendo\Proyectos\React\FakeApi\c23a691f-d834-420c-b26d-9b2a637d96fd\node_modules\react-dom\cjs\react-dom.development.js:22157:12)
    at workLoopSync (D:\Aprendo\Proyectos\React\FakeApi\c23a691f-d834-420c-b26d-9b2a637d96fd\node_modules\react-dom\cjs\react-dom.development.js:22130:22)
    at performSyncWorkOnRoot (D:\Aprendo\Proyectos\React\FakeApi\c23a691f-d834-420c-b26d-9b2a637d96fd\node_modules\react-dom\cjs\react-dom.development.js:21756:9)
    at scheduleUpdateOnFiber (D:\Aprendo\Proyectos\React\FakeApi\c23a691f-d834-420c-b26d-9b2a637d96fd\node_modules\react-dom\cjs\react-dom.development.js:21188:7)
    at updateContainer (D:\Aprendo\Proyectos\React\FakeApi\c23a691f-d834-420c-b26d-9b2a637d96fd\node_modules\react-dom\cjs\react-dom.development.js:24373:3)
    at D:\Aprendo\Proyectos\React\FakeApi\c23a691f-d834-420c-b26d-9b2a637d96fd\node_modules\react-dom\cjs\react-dom.development.js:24758:7
    at unbatchedUpdates (D:\Aprendo\Proyectos\React\FakeApi\c23a691f-d834-420c-b26d-9b2a637d96fd\node_modules\react-dom\cjs\react-dom.development.js:21903:12)
    at legacyRenderSubtreeIntoContainer (D:\Aprendo\Proyectos\React\FakeApi\c23a691f-d834-420c-b26d-9b2a637d96fd\node_modules\react-dom\cjs\react-dom.development.js:24757:5)
    at Object.render (D:\Aprendo\Proyectos\React\FakeApi\c23a691f-d834-420c-b26d-9b2a637d96fd\node_modules\react-dom\cjs\react-dom.development.js:24840:10)
    at D:\Aprendo\Proyectos\React\FakeApi\c23a691f-d834-420c-b26d-9b2a637d96fd\node_modules\@testing-library\react\dist\pure.js:101:25
    at batchedUpdates$1 (D:\Aprendo\Proyectos\React\FakeApi\c23a691f-d834-420c-b26d-9b2a637d96fd\node_modules\react-dom\cjs\react-dom.development.js:21856:12)
    at act (D:\Aprendo\Proyectos\React\FakeApi\c23a691f-d834-420c-b26d-9b2a637d96fd\node_modules\react-dom\cjs\react-dom-test-utils.development.js:929:14)
    at render (D:\Aprendo\Proyectos\React\FakeApi\c23a691f-d834-420c-b26d-9b2a637d96fd\node_modules\@testing-library\react\dist\pure.js:97:26)
    at render (D:\Aprendo\Proyectos\React\FakeApi\c23a691f-d834-420c-b26d-9b2a637d96fd\src\__tests__\Create.test.tsx:16:9)
    at Object.&lt;anonymous&gt; (D:\Aprendo\Proyectos\React\FakeApi\c23a691f-d834-420c-b26d-9b2a637d96fd\src\__tests__\Create.test.tsx:21:3)
    at Promise.then.completed (D:\Aprendo\Proyectos\React\FakeApi\c23a691f-d834-420c-b26d-9b2a637d96fd\node_modules\jest-circus\build\utils.js:276:28)
    at new Promise (&lt;anonymous&gt;)
    at callAsyncCircusFn (D:\Aprendo\Proyectos\React\FakeApi\c23a691f-d834-420c-b26d-9b2a637d96fd\node_modules\jest-circus\build\utils.js:216:10)
    at _callCircusHook (D:\Aprendo\Proyectos\React\FakeApi\c23a691f-d834-420c-b26d-9b2a637d96fd\node_modules\jest-circus\build\run.js:175:40)
    at processTicksAndRejections (internal/process/task_queues.js:95:5)
    at _runTest (D:\Aprendo\Proyectos\React\FakeApi\c23a691f-d834-420c-b26d-9b2a637d96fd\node_modules\jest-circus\build\run.js:142:5)
    at _runTestsForDescribeBlock (D:\Aprendo\Proyectos\React\FakeApi\c23a691f-d834-420c-b26d-9b2a637d96fd\node_modules\jest-circus\build\run.js:63:9)
    at _runTestsForDescribeBlock (D:\Aprendo\Proyectos\React\FakeApi\c23a691f-d834-420c-b26d-9b2a637d96fd\node_modules\jest-circus\build\run.js:57:9)
    at run (D:\Aprendo\Proyectos\React\FakeApi\c23a691f-d834-420c-b26d-9b2a637d96fd\node_modules\jest-circus\build\run.js:25:3)
    at runAndTransformResultsToJestFormat (D:\Aprendo\Proyectos\React\FakeApi\c23a691f-d834-420c-b26d-9b2a637d96fd\node_modules\jest-circus\build\legacy-code-todo-rewrite\jestAdapterInit.js:176:21)
    at jestAdapter (D:\Aprendo\Proyectos\React\FakeApi\c23a691f-d834-420c-b26d-9b2a637d96fd\node_modules\jest-circus\build\legacy-code-todo-rewrite\jestAdapter.js:109:19)
    at runTestInternal (D:\Aprendo\Proyectos\React\FakeApi\c23a691f-d834-420c-b26d-9b2a637d96fd\node_modules\jest-runner\build\runTest.js:380:16)
    at runTest (D:\Aprendo\Proyectos\React\FakeApi\c23a691f-d834-420c-b26d-9b2a637d96fd\node_modules\jest-runner\build\runTest.js:472:34)
    at Object.worker (D:\Aprendo\Proyectos\React\FakeApi\c23a691f-d834-420c-b26d-9b2a637d96fd\node_modules\jest-runner\build\testWorker.js:133:12)</failure>
    </testcase>
    <testcase classname="Crear Mensaje de  error &apos;Nombre requerido&apos;" name="Crear Mensaje de  error &apos;Nombre requerido&apos;" time="0.019">
      <failure>Error: could not find react-redux context value; please ensure the component is wrapped in a &lt;Provider&gt;
    at useReduxContext (D:\Aprendo\Proyectos\React\FakeApi\c23a691f-d834-420c-b26d-9b2a637d96fd\node_modules\react-redux\lib\hooks\useReduxContext.js:30:11)
    at useStore (D:\Aprendo\Proyectos\React\FakeApi\c23a691f-d834-420c-b26d-9b2a637d96fd\node_modules\react-redux\lib\hooks\useStore.js:28:28)
    at useDispatch (D:\Aprendo\Proyectos\React\FakeApi\c23a691f-d834-420c-b26d-9b2a637d96fd\node_modules\react-redux\lib\hooks\useDispatch.js:24:17)
    at LoginView (D:\Aprendo\Proyectos\React\FakeApi\c23a691f-d834-420c-b26d-9b2a637d96fd\src\views\LoginView.tsx:16:22)
    at renderWithHooks (D:\Aprendo\Proyectos\React\FakeApi\c23a691f-d834-420c-b26d-9b2a637d96fd\node_modules\react-dom\cjs\react-dom.development.js:14803:18)
    at mountIndeterminateComponent (D:\Aprendo\Proyectos\React\FakeApi\c23a691f-d834-420c-b26d-9b2a637d96fd\node_modules\react-dom\cjs\react-dom.development.js:17482:13)
    at beginWork (D:\Aprendo\Proyectos\React\FakeApi\c23a691f-d834-420c-b26d-9b2a637d96fd\node_modules\react-dom\cjs\react-dom.development.js:18596:16)
    at HTMLUnknownElement.callCallback (D:\Aprendo\Proyectos\React\FakeApi\c23a691f-d834-420c-b26d-9b2a637d96fd\node_modules\react-dom\cjs\react-dom.development.js:188:14)
    at HTMLUnknownElement.callTheUserObjectsOperation (D:\Aprendo\Proyectos\React\FakeApi\c23a691f-d834-420c-b26d-9b2a637d96fd\node_modules\jsdom\lib\jsdom\living\generated\EventListener.js:26:30)
    at innerInvokeEventListeners (D:\Aprendo\Proyectos\React\FakeApi\c23a691f-d834-420c-b26d-9b2a637d96fd\node_modules\jsdom\lib\jsdom\living\events\EventTarget-impl.js:338:25)
    at invokeEventListeners (D:\Aprendo\Proyectos\React\FakeApi\c23a691f-d834-420c-b26d-9b2a637d96fd\node_modules\jsdom\lib\jsdom\living\events\EventTarget-impl.js:274:3)
    at HTMLUnknownElementImpl._dispatch (D:\Aprendo\Proyectos\React\FakeApi\c23a691f-d834-420c-b26d-9b2a637d96fd\node_modules\jsdom\lib\jsdom\living\events\EventTarget-impl.js:221:9)
    at HTMLUnknownElementImpl.dispatchEvent (D:\Aprendo\Proyectos\React\FakeApi\c23a691f-d834-420c-b26d-9b2a637d96fd\node_modules\jsdom\lib\jsdom\living\events\EventTarget-impl.js:94:17)
    at HTMLUnknownElement.dispatchEvent (D:\Aprendo\Proyectos\React\FakeApi\c23a691f-d834-420c-b26d-9b2a637d96fd\node_modules\jsdom\lib\jsdom\living\generated\EventTarget.js:231:34)
    at Object.invokeGuardedCallbackDev (D:\Aprendo\Proyectos\React\FakeApi\c23a691f-d834-420c-b26d-9b2a637d96fd\node_modules\react-dom\cjs\react-dom.development.js:237:16)
    at invokeGuardedCallback (D:\Aprendo\Proyectos\React\FakeApi\c23a691f-d834-420c-b26d-9b2a637d96fd\node_modules\react-dom\cjs\react-dom.development.js:292:31)
    at beginWork$1 (D:\Aprendo\Proyectos\React\FakeApi\c23a691f-d834-420c-b26d-9b2a637d96fd\node_modules\react-dom\cjs\react-dom.development.js:23203:7)
    at performUnitOfWork (D:\Aprendo\Proyectos\React\FakeApi\c23a691f-d834-420c-b26d-9b2a637d96fd\node_modules\react-dom\cjs\react-dom.development.js:22157:12)
    at workLoopSync (D:\Aprendo\Proyectos\React\FakeApi\c23a691f-d834-420c-b26d-9b2a637d96fd\node_modules\react-dom\cjs\react-dom.development.js:22130:22)
    at performSyncWorkOnRoot (D:\Aprendo\Proyectos\React\FakeApi\c23a691f-d834-420c-b26d-9b2a637d96fd\node_modules\react-dom\cjs\react-dom.development.js:21756:9)
    at scheduleUpdateOnFiber (D:\Aprendo\Proyectos\React\FakeApi\c23a691f-d834-420c-b26d-9b2a637d96fd\node_modules\react-dom\cjs\react-dom.development.js:21188:7)
    at updateContainer (D:\Aprendo\Proyectos\React\FakeApi\c23a691f-d834-420c-b26d-9b2a637d96fd\node_modules\react-dom\cjs\react-dom.development.js:24373:3)
    at D:\Aprendo\Proyectos\React\FakeApi\c23a691f-d834-420c-b26d-9b2a637d96fd\node_modules\react-dom\cjs\react-dom.development.js:24758:7
    at unbatchedUpdates (D:\Aprendo\Proyectos\React\FakeApi\c23a691f-d834-420c-b26d-9b2a637d96fd\node_modules\react-dom\cjs\react-dom.development.js:21903:12)
    at legacyRenderSubtreeIntoContainer (D:\Aprendo\Proyectos\React\FakeApi\c23a691f-d834-420c-b26d-9b2a637d96fd\node_modules\react-dom\cjs\react-dom.development.js:24757:5)
    at Object.render (D:\Aprendo\Proyectos\React\FakeApi\c23a691f-d834-420c-b26d-9b2a637d96fd\node_modules\react-dom\cjs\react-dom.development.js:24840:10)
    at D:\Aprendo\Proyectos\React\FakeApi\c23a691f-d834-420c-b26d-9b2a637d96fd\node_modules\@testing-library\react\dist\pure.js:101:25
    at batchedUpdates$1 (D:\Aprendo\Proyectos\React\FakeApi\c23a691f-d834-420c-b26d-9b2a637d96fd\node_modules\react-dom\cjs\react-dom.development.js:21856:12)
    at act (D:\Aprendo\Proyectos\React\FakeApi\c23a691f-d834-420c-b26d-9b2a637d96fd\node_modules\react-dom\cjs\react-dom-test-utils.development.js:929:14)
    at render (D:\Aprendo\Proyectos\React\FakeApi\c23a691f-d834-420c-b26d-9b2a637d96fd\node_modules\@testing-library\react\dist\pure.js:97:26)
    at render (D:\Aprendo\Proyectos\React\FakeApi\c23a691f-d834-420c-b26d-9b2a637d96fd\src\__tests__\Create.test.tsx:16:9)
    at Object.&lt;anonymous&gt; (D:\Aprendo\Proyectos\React\FakeApi\c23a691f-d834-420c-b26d-9b2a637d96fd\src\__tests__\Create.test.tsx:21:3)
    at Promise.then.completed (D:\Aprendo\Proyectos\React\FakeApi\c23a691f-d834-420c-b26d-9b2a637d96fd\node_modules\jest-circus\build\utils.js:276:28)
    at new Promise (&lt;anonymous&gt;)
    at callAsyncCircusFn (D:\Aprendo\Proyectos\React\FakeApi\c23a691f-d834-420c-b26d-9b2a637d96fd\node_modules\jest-circus\build\utils.js:216:10)
    at _callCircusHook (D:\Aprendo\Proyectos\React\FakeApi\c23a691f-d834-420c-b26d-9b2a637d96fd\node_modules\jest-circus\build\run.js:175:40)
    at processTicksAndRejections (internal/process/task_queues.js:95:5)
    at _runTest (D:\Aprendo\Proyectos\React\FakeApi\c23a691f-d834-420c-b26d-9b2a637d96fd\node_modules\jest-circus\build\run.js:142:5)
    at _runTestsForDescribeBlock (D:\Aprendo\Proyectos\React\FakeApi\c23a691f-d834-420c-b26d-9b2a637d96fd\node_modules\jest-circus\build\run.js:63:9)
    at _runTestsForDescribeBlock (D:\Aprendo\Proyectos\React\FakeApi\c23a691f-d834-420c-b26d-9b2a637d96fd\node_modules\jest-circus\build\run.js:57:9)
    at run (D:\Aprendo\Proyectos\React\FakeApi\c23a691f-d834-420c-b26d-9b2a637d96fd\node_modules\jest-circus\build\run.js:25:3)
    at runAndTransformResultsToJestFormat (D:\Aprendo\Proyectos\React\FakeApi\c23a691f-d834-420c-b26d-9b2a637d96fd\node_modules\jest-circus\build\legacy-code-todo-rewrite\jestAdapterInit.js:176:21)
    at jestAdapter (D:\Aprendo\Proyectos\React\FakeApi\c23a691f-d834-420c-b26d-9b2a637d96fd\node_modules\jest-circus\build\legacy-code-todo-rewrite\jestAdapter.js:109:19)
    at runTestInternal (D:\Aprendo\Proyectos\React\FakeApi\c23a691f-d834-420c-b26d-9b2a637d96fd\node_modules\jest-runner\build\runTest.js:380:16)
    at runTest (D:\Aprendo\Proyectos\React\FakeApi\c23a691f-d834-420c-b26d-9b2a637d96fd\node_modules\jest-runner\build\runTest.js:472:34)
    at Object.worker (D:\Aprendo\Proyectos\React\FakeApi\c23a691f-d834-420c-b26d-9b2a637d96fd\node_modules\jest-runner\build\testWorker.js:133:12)</failure>
    </testcase>
    <testcase classname="Crear Mensaje de  error &apos;Trabajo requerido&apos;" name="Crear Mensaje de  error &apos;Trabajo requerido&apos;" time="0.017">
      <failure>Error: could not find react-redux context value; please ensure the component is wrapped in a &lt;Provider&gt;
    at useReduxContext (D:\Aprendo\Proyectos\React\FakeApi\c23a691f-d834-420c-b26d-9b2a637d96fd\node_modules\react-redux\lib\hooks\useReduxContext.js:30:11)
    at useStore (D:\Aprendo\Proyectos\React\FakeApi\c23a691f-d834-420c-b26d-9b2a637d96fd\node_modules\react-redux\lib\hooks\useStore.js:28:28)
    at useDispatch (D:\Aprendo\Proyectos\React\FakeApi\c23a691f-d834-420c-b26d-9b2a637d96fd\node_modules\react-redux\lib\hooks\useDispatch.js:24:17)
    at LoginView (D:\Aprendo\Proyectos\React\FakeApi\c23a691f-d834-420c-b26d-9b2a637d96fd\src\views\LoginView.tsx:16:22)
    at renderWithHooks (D:\Aprendo\Proyectos\React\FakeApi\c23a691f-d834-420c-b26d-9b2a637d96fd\node_modules\react-dom\cjs\react-dom.development.js:14803:18)
    at mountIndeterminateComponent (D:\Aprendo\Proyectos\React\FakeApi\c23a691f-d834-420c-b26d-9b2a637d96fd\node_modules\react-dom\cjs\react-dom.development.js:17482:13)
    at beginWork (D:\Aprendo\Proyectos\React\FakeApi\c23a691f-d834-420c-b26d-9b2a637d96fd\node_modules\react-dom\cjs\react-dom.development.js:18596:16)
    at HTMLUnknownElement.callCallback (D:\Aprendo\Proyectos\React\FakeApi\c23a691f-d834-420c-b26d-9b2a637d96fd\node_modules\react-dom\cjs\react-dom.development.js:188:14)
    at HTMLUnknownElement.callTheUserObjectsOperation (D:\Aprendo\Proyectos\React\FakeApi\c23a691f-d834-420c-b26d-9b2a637d96fd\node_modules\jsdom\lib\jsdom\living\generated\EventListener.js:26:30)
    at innerInvokeEventListeners (D:\Aprendo\Proyectos\React\FakeApi\c23a691f-d834-420c-b26d-9b2a637d96fd\node_modules\jsdom\lib\jsdom\living\events\EventTarget-impl.js:338:25)
    at invokeEventListeners (D:\Aprendo\Proyectos\React\FakeApi\c23a691f-d834-420c-b26d-9b2a637d96fd\node_modules\jsdom\lib\jsdom\living\events\EventTarget-impl.js:274:3)
    at HTMLUnknownElementImpl._dispatch (D:\Aprendo\Proyectos\React\FakeApi\c23a691f-d834-420c-b26d-9b2a637d96fd\node_modules\jsdom\lib\jsdom\living\events\EventTarget-impl.js:221:9)
    at HTMLUnknownElementImpl.dispatchEvent (D:\Aprendo\Proyectos\React\FakeApi\c23a691f-d834-420c-b26d-9b2a637d96fd\node_modules\jsdom\lib\jsdom\living\events\EventTarget-impl.js:94:17)
    at HTMLUnknownElement.dispatchEvent (D:\Aprendo\Proyectos\React\FakeApi\c23a691f-d834-420c-b26d-9b2a637d96fd\node_modules\jsdom\lib\jsdom\living\generated\EventTarget.js:231:34)
    at Object.invokeGuardedCallbackDev (D:\Aprendo\Proyectos\React\FakeApi\c23a691f-d834-420c-b26d-9b2a637d96fd\node_modules\react-dom\cjs\react-dom.development.js:237:16)
    at invokeGuardedCallback (D:\Aprendo\Proyectos\React\FakeApi\c23a691f-d834-420c-b26d-9b2a637d96fd\node_modules\react-dom\cjs\react-dom.development.js:292:31)
    at beginWork$1 (D:\Aprendo\Proyectos\React\FakeApi\c23a691f-d834-420c-b26d-9b2a637d96fd\node_modules\react-dom\cjs\react-dom.development.js:23203:7)
    at performUnitOfWork (D:\Aprendo\Proyectos\React\FakeApi\c23a691f-d834-420c-b26d-9b2a637d96fd\node_modules\react-dom\cjs\react-dom.development.js:22157:12)
    at workLoopSync (D:\Aprendo\Proyectos\React\FakeApi\c23a691f-d834-420c-b26d-9b2a637d96fd\node_modules\react-dom\cjs\react-dom.development.js:22130:22)
    at performSyncWorkOnRoot (D:\Aprendo\Proyectos\React\FakeApi\c23a691f-d834-420c-b26d-9b2a637d96fd\node_modules\react-dom\cjs\react-dom.development.js:21756:9)
    at scheduleUpdateOnFiber (D:\Aprendo\Proyectos\React\FakeApi\c23a691f-d834-420c-b26d-9b2a637d96fd\node_modules\react-dom\cjs\react-dom.development.js:21188:7)
    at updateContainer (D:\Aprendo\Proyectos\React\FakeApi\c23a691f-d834-420c-b26d-9b2a637d96fd\node_modules\react-dom\cjs\react-dom.development.js:24373:3)
    at D:\Aprendo\Proyectos\React\FakeApi\c23a691f-d834-420c-b26d-9b2a637d96fd\node_modules\react-dom\cjs\react-dom.development.js:24758:7
    at unbatchedUpdates (D:\Aprendo\Proyectos\React\FakeApi\c23a691f-d834-420c-b26d-9b2a637d96fd\node_modules\react-dom\cjs\react-dom.development.js:21903:12)
    at legacyRenderSubtreeIntoContainer (D:\Aprendo\Proyectos\React\FakeApi\c23a691f-d834-420c-b26d-9b2a637d96fd\node_modules\react-dom\cjs\react-dom.development.js:24757:5)
    at Object.render (D:\Aprendo\Proyectos\React\FakeApi\c23a691f-d834-420c-b26d-9b2a637d96fd\node_modules\react-dom\cjs\react-dom.development.js:24840:10)
    at D:\Aprendo\Proyectos\React\FakeApi\c23a691f-d834-420c-b26d-9b2a637d96fd\node_modules\@testing-library\react\dist\pure.js:101:25
    at batchedUpdates$1 (D:\Aprendo\Proyectos\React\FakeApi\c23a691f-d834-420c-b26d-9b2a637d96fd\node_modules\react-dom\cjs\react-dom.development.js:21856:12)
    at act (D:\Aprendo\Proyectos\React\FakeApi\c23a691f-d834-420c-b26d-9b2a637d96fd\node_modules\react-dom\cjs\react-dom-test-utils.development.js:929:14)
    at render (D:\Aprendo\Proyectos\React\FakeApi\c23a691f-d834-420c-b26d-9b2a637d96fd\node_modules\@testing-library\react\dist\pure.js:97:26)
    at render (D:\Aprendo\Proyectos\React\FakeApi\c23a691f-d834-420c-b26d-9b2a637d96fd\src\__tests__\Create.test.tsx:16:9)
    at Object.&lt;anonymous&gt; (D:\Aprendo\Proyectos\React\FakeApi\c23a691f-d834-420c-b26d-9b2a637d96fd\src\__tests__\Create.test.tsx:21:3)
    at Promise.then.completed (D:\Aprendo\Proyectos\React\FakeApi\c23a691f-d834-420c-b26d-9b2a637d96fd\node_modules\jest-circus\build\utils.js:276:28)
    at new Promise (&lt;anonymous&gt;)
    at callAsyncCircusFn (D:\Aprendo\Proyectos\React\FakeApi\c23a691f-d834-420c-b26d-9b2a637d96fd\node_modules\jest-circus\build\utils.js:216:10)
    at _callCircusHook (D:\Aprendo\Proyectos\React\FakeApi\c23a691f-d834-420c-b26d-9b2a637d96fd\node_modules\jest-circus\build\run.js:175:40)
    at processTicksAndRejections (internal/process/task_queues.js:95:5)
    at _runTest (D:\Aprendo\Proyectos\React\FakeApi\c23a691f-d834-420c-b26d-9b2a637d96fd\node_modules\jest-circus\build\run.js:142:5)
    at _runTestsForDescribeBlock (D:\Aprendo\Proyectos\React\FakeApi\c23a691f-d834-420c-b26d-9b2a637d96fd\node_modules\jest-circus\build\run.js:63:9)
    at _runTestsForDescribeBlock (D:\Aprendo\Proyectos\React\FakeApi\c23a691f-d834-420c-b26d-9b2a637d96fd\node_modules\jest-circus\build\run.js:57:9)
    at run (D:\Aprendo\Proyectos\React\FakeApi\c23a691f-d834-420c-b26d-9b2a637d96fd\node_modules\jest-circus\build\run.js:25:3)
    at runAndTransformResultsToJestFormat (D:\Aprendo\Proyectos\React\FakeApi\c23a691f-d834-420c-b26d-9b2a637d96fd\node_modules\jest-circus\build\legacy-code-todo-rewrite\jestAdapterInit.js:176:21)
    at jestAdapter (D:\Aprendo\Proyectos\React\FakeApi\c23a691f-d834-420c-b26d-9b2a637d96fd\node_modules\jest-circus\build\legacy-code-todo-rewrite\jestAdapter.js:109:19)
    at runTestInternal (D:\Aprendo\Proyectos\React\FakeApi\c23a691f-d834-420c-b26d-9b2a637d96fd\node_modules\jest-runner\build\runTest.js:380:16)
    at runTest (D:\Aprendo\Proyectos\React\FakeApi\c23a691f-d834-420c-b26d-9b2a637d96fd\node_modules\jest-runner\build\runTest.js:472:34)
    at Object.worker (D:\Aprendo\Proyectos\React\FakeApi\c23a691f-d834-420c-b26d-9b2a637d96fd\node_modules\jest-runner\build\testWorker.js:133:12)</failure>
    </testcase>
  </testsuite>
  <testsuite name="Login" errors="0" failures="4" skipped="0" timestamp="2022-08-09T14:16:11" time="13.11" tests="4">
    <testcase classname="Login Elementos existen" name="Login Elementos existen" time="0.224">
      <failure>Error: could not find react-redux context value; please ensure the component is wrapped in a &lt;Provider&gt;
    at useReduxContext (D:\Aprendo\Proyectos\React\FakeApi\c23a691f-d834-420c-b26d-9b2a637d96fd\node_modules\react-redux\lib\hooks\useReduxContext.js:30:11)
    at useStore (D:\Aprendo\Proyectos\React\FakeApi\c23a691f-d834-420c-b26d-9b2a637d96fd\node_modules\react-redux\lib\hooks\useStore.js:28:28)
    at useDispatch (D:\Aprendo\Proyectos\React\FakeApi\c23a691f-d834-420c-b26d-9b2a637d96fd\node_modules\react-redux\lib\hooks\useDispatch.js:24:17)
    at LoginView (D:\Aprendo\Proyectos\React\FakeApi\c23a691f-d834-420c-b26d-9b2a637d96fd\src\views\LoginView.tsx:16:22)
    at renderWithHooks (D:\Aprendo\Proyectos\React\FakeApi\c23a691f-d834-420c-b26d-9b2a637d96fd\node_modules\react-dom\cjs\react-dom.development.js:14803:18)
    at mountIndeterminateComponent (D:\Aprendo\Proyectos\React\FakeApi\c23a691f-d834-420c-b26d-9b2a637d96fd\node_modules\react-dom\cjs\react-dom.development.js:17482:13)
    at beginWork (D:\Aprendo\Proyectos\React\FakeApi\c23a691f-d834-420c-b26d-9b2a637d96fd\node_modules\react-dom\cjs\react-dom.development.js:18596:16)
    at HTMLUnknownElement.callCallback (D:\Aprendo\Proyectos\React\FakeApi\c23a691f-d834-420c-b26d-9b2a637d96fd\node_modules\react-dom\cjs\react-dom.development.js:188:14)
    at HTMLUnknownElement.callTheUserObjectsOperation (D:\Aprendo\Proyectos\React\FakeApi\c23a691f-d834-420c-b26d-9b2a637d96fd\node_modules\jsdom\lib\jsdom\living\generated\EventListener.js:26:30)
    at innerInvokeEventListeners (D:\Aprendo\Proyectos\React\FakeApi\c23a691f-d834-420c-b26d-9b2a637d96fd\node_modules\jsdom\lib\jsdom\living\events\EventTarget-impl.js:338:25)
    at invokeEventListeners (D:\Aprendo\Proyectos\React\FakeApi\c23a691f-d834-420c-b26d-9b2a637d96fd\node_modules\jsdom\lib\jsdom\living\events\EventTarget-impl.js:274:3)
    at HTMLUnknownElementImpl._dispatch (D:\Aprendo\Proyectos\React\FakeApi\c23a691f-d834-420c-b26d-9b2a637d96fd\node_modules\jsdom\lib\jsdom\living\events\EventTarget-impl.js:221:9)
    at HTMLUnknownElementImpl.dispatchEvent (D:\Aprendo\Proyectos\React\FakeApi\c23a691f-d834-420c-b26d-9b2a637d96fd\node_modules\jsdom\lib\jsdom\living\events\EventTarget-impl.js:94:17)
    at HTMLUnknownElement.dispatchEvent (D:\Aprendo\Proyectos\React\FakeApi\c23a691f-d834-420c-b26d-9b2a637d96fd\node_modules\jsdom\lib\jsdom\living\generated\EventTarget.js:231:34)
    at Object.invokeGuardedCallbackDev (D:\Aprendo\Proyectos\React\FakeApi\c23a691f-d834-420c-b26d-9b2a637d96fd\node_modules\react-dom\cjs\react-dom.development.js:237:16)
    at invokeGuardedCallback (D:\Aprendo\Proyectos\React\FakeApi\c23a691f-d834-420c-b26d-9b2a637d96fd\node_modules\react-dom\cjs\react-dom.development.js:292:31)
    at beginWork$1 (D:\Aprendo\Proyectos\React\FakeApi\c23a691f-d834-420c-b26d-9b2a637d96fd\node_modules\react-dom\cjs\react-dom.development.js:23203:7)
    at performUnitOfWork (D:\Aprendo\Proyectos\React\FakeApi\c23a691f-d834-420c-b26d-9b2a637d96fd\node_modules\react-dom\cjs\react-dom.development.js:22157:12)
    at workLoopSync (D:\Aprendo\Proyectos\React\FakeApi\c23a691f-d834-420c-b26d-9b2a637d96fd\node_modules\react-dom\cjs\react-dom.development.js:22130:22)
    at performSyncWorkOnRoot (D:\Aprendo\Proyectos\React\FakeApi\c23a691f-d834-420c-b26d-9b2a637d96fd\node_modules\react-dom\cjs\react-dom.development.js:21756:9)
    at scheduleUpdateOnFiber (D:\Aprendo\Proyectos\React\FakeApi\c23a691f-d834-420c-b26d-9b2a637d96fd\node_modules\react-dom\cjs\react-dom.development.js:21188:7)
    at updateContainer (D:\Aprendo\Proyectos\React\FakeApi\c23a691f-d834-420c-b26d-9b2a637d96fd\node_modules\react-dom\cjs\react-dom.development.js:24373:3)
    at D:\Aprendo\Proyectos\React\FakeApi\c23a691f-d834-420c-b26d-9b2a637d96fd\node_modules\react-dom\cjs\react-dom.development.js:24758:7
    at unbatchedUpdates (D:\Aprendo\Proyectos\React\FakeApi\c23a691f-d834-420c-b26d-9b2a637d96fd\node_modules\react-dom\cjs\react-dom.development.js:21903:12)
    at legacyRenderSubtreeIntoContainer (D:\Aprendo\Proyectos\React\FakeApi\c23a691f-d834-420c-b26d-9b2a637d96fd\node_modules\react-dom\cjs\react-dom.development.js:24757:5)
    at Object.render (D:\Aprendo\Proyectos\React\FakeApi\c23a691f-d834-420c-b26d-9b2a637d96fd\node_modules\react-dom\cjs\react-dom.development.js:24840:10)
    at D:\Aprendo\Proyectos\React\FakeApi\c23a691f-d834-420c-b26d-9b2a637d96fd\node_modules\@testing-library\react\dist\pure.js:101:25
    at batchedUpdates$1 (D:\Aprendo\Proyectos\React\FakeApi\c23a691f-d834-420c-b26d-9b2a637d96fd\node_modules\react-dom\cjs\react-dom.development.js:21856:12)
    at act (D:\Aprendo\Proyectos\React\FakeApi\c23a691f-d834-420c-b26d-9b2a637d96fd\node_modules\react-dom\cjs\react-dom-test-utils.development.js:929:14)
    at render (D:\Aprendo\Proyectos\React\FakeApi\c23a691f-d834-420c-b26d-9b2a637d96fd\node_modules\@testing-library\react\dist\pure.js:97:26)
    at render (D:\Aprendo\Proyectos\React\FakeApi\c23a691f-d834-420c-b26d-9b2a637d96fd\src\__tests__\Login.test.tsx:15:9)
    at Object.&lt;anonymous&gt; (D:\Aprendo\Proyectos\React\FakeApi\c23a691f-d834-420c-b26d-9b2a637d96fd\src\__tests__\Login.test.tsx:20:3)
    at Promise.then.completed (D:\Aprendo\Proyectos\React\FakeApi\c23a691f-d834-420c-b26d-9b2a637d96fd\node_modules\jest-circus\build\utils.js:276:28)
    at new Promise (&lt;anonymous&gt;)
    at callAsyncCircusFn (D:\Aprendo\Proyectos\React\FakeApi\c23a691f-d834-420c-b26d-9b2a637d96fd\node_modules\jest-circus\build\utils.js:216:10)
    at _callCircusHook (D:\Aprendo\Proyectos\React\FakeApi\c23a691f-d834-420c-b26d-9b2a637d96fd\node_modules\jest-circus\build\run.js:175:40)
    at processTicksAndRejections (internal/process/task_queues.js:95:5)
    at _runTest (D:\Aprendo\Proyectos\React\FakeApi\c23a691f-d834-420c-b26d-9b2a637d96fd\node_modules\jest-circus\build\run.js:142:5)
    at _runTestsForDescribeBlock (D:\Aprendo\Proyectos\React\FakeApi\c23a691f-d834-420c-b26d-9b2a637d96fd\node_modules\jest-circus\build\run.js:63:9)
    at _runTestsForDescribeBlock (D:\Aprendo\Proyectos\React\FakeApi\c23a691f-d834-420c-b26d-9b2a637d96fd\node_modules\jest-circus\build\run.js:57:9)
    at run (D:\Aprendo\Proyectos\React\FakeApi\c23a691f-d834-420c-b26d-9b2a637d96fd\node_modules\jest-circus\build\run.js:25:3)
    at runAndTransformResultsToJestFormat (D:\Aprendo\Proyectos\React\FakeApi\c23a691f-d834-420c-b26d-9b2a637d96fd\node_modules\jest-circus\build\legacy-code-todo-rewrite\jestAdapterInit.js:176:21)
    at jestAdapter (D:\Aprendo\Proyectos\React\FakeApi\c23a691f-d834-420c-b26d-9b2a637d96fd\node_modules\jest-circus\build\legacy-code-todo-rewrite\jestAdapter.js:109:19)
    at runTestInternal (D:\Aprendo\Proyectos\React\FakeApi\c23a691f-d834-420c-b26d-9b2a637d96fd\node_modules\jest-runner\build\runTest.js:380:16)
    at runTest (D:\Aprendo\Proyectos\React\FakeApi\c23a691f-d834-420c-b26d-9b2a637d96fd\node_modules\jest-runner\build\runTest.js:472:34)
    at Object.worker (D:\Aprendo\Proyectos\React\FakeApi\c23a691f-d834-420c-b26d-9b2a637d96fd\node_modules\jest-runner\build\testWorker.js:133:12)</failure>
    </testcase>
    <testcase classname="Login Mensaje de  error Email es requerido" name="Login Mensaje de  error Email es requerido" time="0.014">
      <failure>Error: could not find react-redux context value; please ensure the component is wrapped in a &lt;Provider&gt;
    at useReduxContext (D:\Aprendo\Proyectos\React\FakeApi\c23a691f-d834-420c-b26d-9b2a637d96fd\node_modules\react-redux\lib\hooks\useReduxContext.js:30:11)
    at useStore (D:\Aprendo\Proyectos\React\FakeApi\c23a691f-d834-420c-b26d-9b2a637d96fd\node_modules\react-redux\lib\hooks\useStore.js:28:28)
    at useDispatch (D:\Aprendo\Proyectos\React\FakeApi\c23a691f-d834-420c-b26d-9b2a637d96fd\node_modules\react-redux\lib\hooks\useDispatch.js:24:17)
    at LoginView (D:\Aprendo\Proyectos\React\FakeApi\c23a691f-d834-420c-b26d-9b2a637d96fd\src\views\LoginView.tsx:16:22)
    at renderWithHooks (D:\Aprendo\Proyectos\React\FakeApi\c23a691f-d834-420c-b26d-9b2a637d96fd\node_modules\react-dom\cjs\react-dom.development.js:14803:18)
    at mountIndeterminateComponent (D:\Aprendo\Proyectos\React\FakeApi\c23a691f-d834-420c-b26d-9b2a637d96fd\node_modules\react-dom\cjs\react-dom.development.js:17482:13)
    at beginWork (D:\Aprendo\Proyectos\React\FakeApi\c23a691f-d834-420c-b26d-9b2a637d96fd\node_modules\react-dom\cjs\react-dom.development.js:18596:16)
    at HTMLUnknownElement.callCallback (D:\Aprendo\Proyectos\React\FakeApi\c23a691f-d834-420c-b26d-9b2a637d96fd\node_modules\react-dom\cjs\react-dom.development.js:188:14)
    at HTMLUnknownElement.callTheUserObjectsOperation (D:\Aprendo\Proyectos\React\FakeApi\c23a691f-d834-420c-b26d-9b2a637d96fd\node_modules\jsdom\lib\jsdom\living\generated\EventListener.js:26:30)
    at innerInvokeEventListeners (D:\Aprendo\Proyectos\React\FakeApi\c23a691f-d834-420c-b26d-9b2a637d96fd\node_modules\jsdom\lib\jsdom\living\events\EventTarget-impl.js:338:25)
    at invokeEventListeners (D:\Aprendo\Proyectos\React\FakeApi\c23a691f-d834-420c-b26d-9b2a637d96fd\node_modules\jsdom\lib\jsdom\living\events\EventTarget-impl.js:274:3)
    at HTMLUnknownElementImpl._dispatch (D:\Aprendo\Proyectos\React\FakeApi\c23a691f-d834-420c-b26d-9b2a637d96fd\node_modules\jsdom\lib\jsdom\living\events\EventTarget-impl.js:221:9)
    at HTMLUnknownElementImpl.dispatchEvent (D:\Aprendo\Proyectos\React\FakeApi\c23a691f-d834-420c-b26d-9b2a637d96fd\node_modules\jsdom\lib\jsdom\living\events\EventTarget-impl.js:94:17)
    at HTMLUnknownElement.dispatchEvent (D:\Aprendo\Proyectos\React\FakeApi\c23a691f-d834-420c-b26d-9b2a637d96fd\node_modules\jsdom\lib\jsdom\living\generated\EventTarget.js:231:34)
    at Object.invokeGuardedCallbackDev (D:\Aprendo\Proyectos\React\FakeApi\c23a691f-d834-420c-b26d-9b2a637d96fd\node_modules\react-dom\cjs\react-dom.development.js:237:16)
    at invokeGuardedCallback (D:\Aprendo\Proyectos\React\FakeApi\c23a691f-d834-420c-b26d-9b2a637d96fd\node_modules\react-dom\cjs\react-dom.development.js:292:31)
    at beginWork$1 (D:\Aprendo\Proyectos\React\FakeApi\c23a691f-d834-420c-b26d-9b2a637d96fd\node_modules\react-dom\cjs\react-dom.development.js:23203:7)
    at performUnitOfWork (D:\Aprendo\Proyectos\React\FakeApi\c23a691f-d834-420c-b26d-9b2a637d96fd\node_modules\react-dom\cjs\react-dom.development.js:22157:12)
    at workLoopSync (D:\Aprendo\Proyectos\React\FakeApi\c23a691f-d834-420c-b26d-9b2a637d96fd\node_modules\react-dom\cjs\react-dom.development.js:22130:22)
    at performSyncWorkOnRoot (D:\Aprendo\Proyectos\React\FakeApi\c23a691f-d834-420c-b26d-9b2a637d96fd\node_modules\react-dom\cjs\react-dom.development.js:21756:9)
    at scheduleUpdateOnFiber (D:\Aprendo\Proyectos\React\FakeApi\c23a691f-d834-420c-b26d-9b2a637d96fd\node_modules\react-dom\cjs\react-dom.development.js:21188:7)
    at updateContainer (D:\Aprendo\Proyectos\React\FakeApi\c23a691f-d834-420c-b26d-9b2a637d96fd\node_modules\react-dom\cjs\react-dom.development.js:24373:3)
    at D:\Aprendo\Proyectos\React\FakeApi\c23a691f-d834-420c-b26d-9b2a637d96fd\node_modules\react-dom\cjs\react-dom.development.js:24758:7
    at unbatchedUpdates (D:\Aprendo\Proyectos\React\FakeApi\c23a691f-d834-420c-b26d-9b2a637d96fd\node_modules\react-dom\cjs\react-dom.development.js:21903:12)
    at legacyRenderSubtreeIntoContainer (D:\Aprendo\Proyectos\React\FakeApi\c23a691f-d834-420c-b26d-9b2a637d96fd\node_modules\react-dom\cjs\react-dom.development.js:24757:5)
    at Object.render (D:\Aprendo\Proyectos\React\FakeApi\c23a691f-d834-420c-b26d-9b2a637d96fd\node_modules\react-dom\cjs\react-dom.development.js:24840:10)
    at D:\Aprendo\Proyectos\React\FakeApi\c23a691f-d834-420c-b26d-9b2a637d96fd\node_modules\@testing-library\react\dist\pure.js:101:25
    at batchedUpdates$1 (D:\Aprendo\Proyectos\React\FakeApi\c23a691f-d834-420c-b26d-9b2a637d96fd\node_modules\react-dom\cjs\react-dom.development.js:21856:12)
    at act (D:\Aprendo\Proyectos\React\FakeApi\c23a691f-d834-420c-b26d-9b2a637d96fd\node_modules\react-dom\cjs\react-dom-test-utils.development.js:929:14)
    at render (D:\Aprendo\Proyectos\React\FakeApi\c23a691f-d834-420c-b26d-9b2a637d96fd\node_modules\@testing-library\react\dist\pure.js:97:26)
    at render (D:\Aprendo\Proyectos\React\FakeApi\c23a691f-d834-420c-b26d-9b2a637d96fd\src\__tests__\Login.test.tsx:15:9)
    at Object.&lt;anonymous&gt; (D:\Aprendo\Proyectos\React\FakeApi\c23a691f-d834-420c-b26d-9b2a637d96fd\src\__tests__\Login.test.tsx:20:3)
    at Promise.then.completed (D:\Aprendo\Proyectos\React\FakeApi\c23a691f-d834-420c-b26d-9b2a637d96fd\node_modules\jest-circus\build\utils.js:276:28)
    at new Promise (&lt;anonymous&gt;)
    at callAsyncCircusFn (D:\Aprendo\Proyectos\React\FakeApi\c23a691f-d834-420c-b26d-9b2a637d96fd\node_modules\jest-circus\build\utils.js:216:10)
    at _callCircusHook (D:\Aprendo\Proyectos\React\FakeApi\c23a691f-d834-420c-b26d-9b2a637d96fd\node_modules\jest-circus\build\run.js:175:40)
    at processTicksAndRejections (internal/process/task_queues.js:95:5)
    at _runTest (D:\Aprendo\Proyectos\React\FakeApi\c23a691f-d834-420c-b26d-9b2a637d96fd\node_modules\jest-circus\build\run.js:142:5)
    at _runTestsForDescribeBlock (D:\Aprendo\Proyectos\React\FakeApi\c23a691f-d834-420c-b26d-9b2a637d96fd\node_modules\jest-circus\build\run.js:63:9)
    at _runTestsForDescribeBlock (D:\Aprendo\Proyectos\React\FakeApi\c23a691f-d834-420c-b26d-9b2a637d96fd\node_modules\jest-circus\build\run.js:57:9)
    at run (D:\Aprendo\Proyectos\React\FakeApi\c23a691f-d834-420c-b26d-9b2a637d96fd\node_modules\jest-circus\build\run.js:25:3)
    at runAndTransformResultsToJestFormat (D:\Aprendo\Proyectos\React\FakeApi\c23a691f-d834-420c-b26d-9b2a637d96fd\node_modules\jest-circus\build\legacy-code-todo-rewrite\jestAdapterInit.js:176:21)
    at jestAdapter (D:\Aprendo\Proyectos\React\FakeApi\c23a691f-d834-420c-b26d-9b2a637d96fd\node_modules\jest-circus\build\legacy-code-todo-rewrite\jestAdapter.js:109:19)
    at runTestInternal (D:\Aprendo\Proyectos\React\FakeApi\c23a691f-d834-420c-b26d-9b2a637d96fd\node_modules\jest-runner\build\runTest.js:380:16)
    at runTest (D:\Aprendo\Proyectos\React\FakeApi\c23a691f-d834-420c-b26d-9b2a637d96fd\node_modules\jest-runner\build\runTest.js:472:34)
    at Object.worker (D:\Aprendo\Proyectos\React\FakeApi\c23a691f-d834-420c-b26d-9b2a637d96fd\node_modules\jest-runner\build\testWorker.js:133:12)</failure>
    </testcase>
    <testcase classname="Login Mensaje de  error Contraseña es requerida" name="Login Mensaje de  error Contraseña es requerida" time="0.022">
      <failure>Error: could not find react-redux context value; please ensure the component is wrapped in a &lt;Provider&gt;
    at useReduxContext (D:\Aprendo\Proyectos\React\FakeApi\c23a691f-d834-420c-b26d-9b2a637d96fd\node_modules\react-redux\lib\hooks\useReduxContext.js:30:11)
    at useStore (D:\Aprendo\Proyectos\React\FakeApi\c23a691f-d834-420c-b26d-9b2a637d96fd\node_modules\react-redux\lib\hooks\useStore.js:28:28)
    at useDispatch (D:\Aprendo\Proyectos\React\FakeApi\c23a691f-d834-420c-b26d-9b2a637d96fd\node_modules\react-redux\lib\hooks\useDispatch.js:24:17)
    at LoginView (D:\Aprendo\Proyectos\React\FakeApi\c23a691f-d834-420c-b26d-9b2a637d96fd\src\views\LoginView.tsx:16:22)
    at renderWithHooks (D:\Aprendo\Proyectos\React\FakeApi\c23a691f-d834-420c-b26d-9b2a637d96fd\node_modules\react-dom\cjs\react-dom.development.js:14803:18)
    at mountIndeterminateComponent (D:\Aprendo\Proyectos\React\FakeApi\c23a691f-d834-420c-b26d-9b2a637d96fd\node_modules\react-dom\cjs\react-dom.development.js:17482:13)
    at beginWork (D:\Aprendo\Proyectos\React\FakeApi\c23a691f-d834-420c-b26d-9b2a637d96fd\node_modules\react-dom\cjs\react-dom.development.js:18596:16)
    at HTMLUnknownElement.callCallback (D:\Aprendo\Proyectos\React\FakeApi\c23a691f-d834-420c-b26d-9b2a637d96fd\node_modules\react-dom\cjs\react-dom.development.js:188:14)
    at HTMLUnknownElement.callTheUserObjectsOperation (D:\Aprendo\Proyectos\React\FakeApi\c23a691f-d834-420c-b26d-9b2a637d96fd\node_modules\jsdom\lib\jsdom\living\generated\EventListener.js:26:30)
    at innerInvokeEventListeners (D:\Aprendo\Proyectos\React\FakeApi\c23a691f-d834-420c-b26d-9b2a637d96fd\node_modules\jsdom\lib\jsdom\living\events\EventTarget-impl.js:338:25)
    at invokeEventListeners (D:\Aprendo\Proyectos\React\FakeApi\c23a691f-d834-420c-b26d-9b2a637d96fd\node_modules\jsdom\lib\jsdom\living\events\EventTarget-impl.js:274:3)
    at HTMLUnknownElementImpl._dispatch (D:\Aprendo\Proyectos\React\FakeApi\c23a691f-d834-420c-b26d-9b2a637d96fd\node_modules\jsdom\lib\jsdom\living\events\EventTarget-impl.js:221:9)
    at HTMLUnknownElementImpl.dispatchEvent (D:\Aprendo\Proyectos\React\FakeApi\c23a691f-d834-420c-b26d-9b2a637d96fd\node_modules\jsdom\lib\jsdom\living\events\EventTarget-impl.js:94:17)
    at HTMLUnknownElement.dispatchEvent (D:\Aprendo\Proyectos\React\FakeApi\c23a691f-d834-420c-b26d-9b2a637d96fd\node_modules\jsdom\lib\jsdom\living\generated\EventTarget.js:231:34)
    at Object.invokeGuardedCallbackDev (D:\Aprendo\Proyectos\React\FakeApi\c23a691f-d834-420c-b26d-9b2a637d96fd\node_modules\react-dom\cjs\react-dom.development.js:237:16)
    at invokeGuardedCallback (D:\Aprendo\Proyectos\React\FakeApi\c23a691f-d834-420c-b26d-9b2a637d96fd\node_modules\react-dom\cjs\react-dom.development.js:292:31)
    at beginWork$1 (D:\Aprendo\Proyectos\React\FakeApi\c23a691f-d834-420c-b26d-9b2a637d96fd\node_modules\react-dom\cjs\react-dom.development.js:23203:7)
    at performUnitOfWork (D:\Aprendo\Proyectos\React\FakeApi\c23a691f-d834-420c-b26d-9b2a637d96fd\node_modules\react-dom\cjs\react-dom.development.js:22157:12)
    at workLoopSync (D:\Aprendo\Proyectos\React\FakeApi\c23a691f-d834-420c-b26d-9b2a637d96fd\node_modules\react-dom\cjs\react-dom.development.js:22130:22)
    at performSyncWorkOnRoot (D:\Aprendo\Proyectos\React\FakeApi\c23a691f-d834-420c-b26d-9b2a637d96fd\node_modules\react-dom\cjs\react-dom.development.js:21756:9)
    at scheduleUpdateOnFiber (D:\Aprendo\Proyectos\React\FakeApi\c23a691f-d834-420c-b26d-9b2a637d96fd\node_modules\react-dom\cjs\react-dom.development.js:21188:7)
    at updateContainer (D:\Aprendo\Proyectos\React\FakeApi\c23a691f-d834-420c-b26d-9b2a637d96fd\node_modules\react-dom\cjs\react-dom.development.js:24373:3)
    at D:\Aprendo\Proyectos\React\FakeApi\c23a691f-d834-420c-b26d-9b2a637d96fd\node_modules\react-dom\cjs\react-dom.development.js:24758:7
    at unbatchedUpdates (D:\Aprendo\Proyectos\React\FakeApi\c23a691f-d834-420c-b26d-9b2a637d96fd\node_modules\react-dom\cjs\react-dom.development.js:21903:12)
    at legacyRenderSubtreeIntoContainer (D:\Aprendo\Proyectos\React\FakeApi\c23a691f-d834-420c-b26d-9b2a637d96fd\node_modules\react-dom\cjs\react-dom.development.js:24757:5)
    at Object.render (D:\Aprendo\Proyectos\React\FakeApi\c23a691f-d834-420c-b26d-9b2a637d96fd\node_modules\react-dom\cjs\react-dom.development.js:24840:10)
    at D:\Aprendo\Proyectos\React\FakeApi\c23a691f-d834-420c-b26d-9b2a637d96fd\node_modules\@testing-library\react\dist\pure.js:101:25
    at batchedUpdates$1 (D:\Aprendo\Proyectos\React\FakeApi\c23a691f-d834-420c-b26d-9b2a637d96fd\node_modules\react-dom\cjs\react-dom.development.js:21856:12)
    at act (D:\Aprendo\Proyectos\React\FakeApi\c23a691f-d834-420c-b26d-9b2a637d96fd\node_modules\react-dom\cjs\react-dom-test-utils.development.js:929:14)
    at render (D:\Aprendo\Proyectos\React\FakeApi\c23a691f-d834-420c-b26d-9b2a637d96fd\node_modules\@testing-library\react\dist\pure.js:97:26)
    at render (D:\Aprendo\Proyectos\React\FakeApi\c23a691f-d834-420c-b26d-9b2a637d96fd\src\__tests__\Login.test.tsx:15:9)
    at Object.&lt;anonymous&gt; (D:\Aprendo\Proyectos\React\FakeApi\c23a691f-d834-420c-b26d-9b2a637d96fd\src\__tests__\Login.test.tsx:20:3)
    at Promise.then.completed (D:\Aprendo\Proyectos\React\FakeApi\c23a691f-d834-420c-b26d-9b2a637d96fd\node_modules\jest-circus\build\utils.js:276:28)
    at new Promise (&lt;anonymous&gt;)
    at callAsyncCircusFn (D:\Aprendo\Proyectos\React\FakeApi\c23a691f-d834-420c-b26d-9b2a637d96fd\node_modules\jest-circus\build\utils.js:216:10)
    at _callCircusHook (D:\Aprendo\Proyectos\React\FakeApi\c23a691f-d834-420c-b26d-9b2a637d96fd\node_modules\jest-circus\build\run.js:175:40)
    at processTicksAndRejections (internal/process/task_queues.js:95:5)
    at _runTest (D:\Aprendo\Proyectos\React\FakeApi\c23a691f-d834-420c-b26d-9b2a637d96fd\node_modules\jest-circus\build\run.js:142:5)
    at _runTestsForDescribeBlock (D:\Aprendo\Proyectos\React\FakeApi\c23a691f-d834-420c-b26d-9b2a637d96fd\node_modules\jest-circus\build\run.js:63:9)
    at _runTestsForDescribeBlock (D:\Aprendo\Proyectos\React\FakeApi\c23a691f-d834-420c-b26d-9b2a637d96fd\node_modules\jest-circus\build\run.js:57:9)
    at run (D:\Aprendo\Proyectos\React\FakeApi\c23a691f-d834-420c-b26d-9b2a637d96fd\node_modules\jest-circus\build\run.js:25:3)
    at runAndTransformResultsToJestFormat (D:\Aprendo\Proyectos\React\FakeApi\c23a691f-d834-420c-b26d-9b2a637d96fd\node_modules\jest-circus\build\legacy-code-todo-rewrite\jestAdapterInit.js:176:21)
    at jestAdapter (D:\Aprendo\Proyectos\React\FakeApi\c23a691f-d834-420c-b26d-9b2a637d96fd\node_modules\jest-circus\build\legacy-code-todo-rewrite\jestAdapter.js:109:19)
    at runTestInternal (D:\Aprendo\Proyectos\React\FakeApi\c23a691f-d834-420c-b26d-9b2a637d96fd\node_modules\jest-runner\build\runTest.js:380:16)
    at runTest (D:\Aprendo\Proyectos\React\FakeApi\c23a691f-d834-420c-b26d-9b2a637d96fd\node_modules\jest-runner\build\runTest.js:472:34)
    at Object.worker (D:\Aprendo\Proyectos\React\FakeApi\c23a691f-d834-420c-b26d-9b2a637d96fd\node_modules\jest-runner\build\testWorker.js:133:12)</failure>
    </testcase>
    <testcase classname="Login Mensaje de  error Datos inválidos" name="Login Mensaje de  error Datos inválidos" time="0.039">
      <failure>Error: could not find react-redux context value; please ensure the component is wrapped in a &lt;Provider&gt;
    at useReduxContext (D:\Aprendo\Proyectos\React\FakeApi\c23a691f-d834-420c-b26d-9b2a637d96fd\node_modules\react-redux\lib\hooks\useReduxContext.js:30:11)
    at useStore (D:\Aprendo\Proyectos\React\FakeApi\c23a691f-d834-420c-b26d-9b2a637d96fd\node_modules\react-redux\lib\hooks\useStore.js:28:28)
    at useDispatch (D:\Aprendo\Proyectos\React\FakeApi\c23a691f-d834-420c-b26d-9b2a637d96fd\node_modules\react-redux\lib\hooks\useDispatch.js:24:17)
    at LoginView (D:\Aprendo\Proyectos\React\FakeApi\c23a691f-d834-420c-b26d-9b2a637d96fd\src\views\LoginView.tsx:16:22)
    at renderWithHooks (D:\Aprendo\Proyectos\React\FakeApi\c23a691f-d834-420c-b26d-9b2a637d96fd\node_modules\react-dom\cjs\react-dom.development.js:14803:18)
    at mountIndeterminateComponent (D:\Aprendo\Proyectos\React\FakeApi\c23a691f-d834-420c-b26d-9b2a637d96fd\node_modules\react-dom\cjs\react-dom.development.js:17482:13)
    at beginWork (D:\Aprendo\Proyectos\React\FakeApi\c23a691f-d834-420c-b26d-9b2a637d96fd\node_modules\react-dom\cjs\react-dom.development.js:18596:16)
    at HTMLUnknownElement.callCallback (D:\Aprendo\Proyectos\React\FakeApi\c23a691f-d834-420c-b26d-9b2a637d96fd\node_modules\react-dom\cjs\react-dom.development.js:188:14)
    at HTMLUnknownElement.callTheUserObjectsOperation (D:\Aprendo\Proyectos\React\FakeApi\c23a691f-d834-420c-b26d-9b2a637d96fd\node_modules\jsdom\lib\jsdom\living\generated\EventListener.js:26:30)
    at innerInvokeEventListeners (D:\Aprendo\Proyectos\React\FakeApi\c23a691f-d834-420c-b26d-9b2a637d96fd\node_modules\jsdom\lib\jsdom\living\events\EventTarget-impl.js:338:25)
    at invokeEventListeners (D:\Aprendo\Proyectos\React\FakeApi\c23a691f-d834-420c-b26d-9b2a637d96fd\node_modules\jsdom\lib\jsdom\living\events\EventTarget-impl.js:274:3)
    at HTMLUnknownElementImpl._dispatch (D:\Aprendo\Proyectos\React\FakeApi\c23a691f-d834-420c-b26d-9b2a637d96fd\node_modules\jsdom\lib\jsdom\living\events\EventTarget-impl.js:221:9)
    at HTMLUnknownElementImpl.dispatchEvent (D:\Aprendo\Proyectos\React\FakeApi\c23a691f-d834-420c-b26d-9b2a637d96fd\node_modules\jsdom\lib\jsdom\living\events\EventTarget-impl.js:94:17)
    at HTMLUnknownElement.dispatchEvent (D:\Aprendo\Proyectos\React\FakeApi\c23a691f-d834-420c-b26d-9b2a637d96fd\node_modules\jsdom\lib\jsdom\living\generated\EventTarget.js:231:34)
    at Object.invokeGuardedCallbackDev (D:\Aprendo\Proyectos\React\FakeApi\c23a691f-d834-420c-b26d-9b2a637d96fd\node_modules\react-dom\cjs\react-dom.development.js:237:16)
    at invokeGuardedCallback (D:\Aprendo\Proyectos\React\FakeApi\c23a691f-d834-420c-b26d-9b2a637d96fd\node_modules\react-dom\cjs\react-dom.development.js:292:31)
    at beginWork$1 (D:\Aprendo\Proyectos\React\FakeApi\c23a691f-d834-420c-b26d-9b2a637d96fd\node_modules\react-dom\cjs\react-dom.development.js:23203:7)
    at performUnitOfWork (D:\Aprendo\Proyectos\React\FakeApi\c23a691f-d834-420c-b26d-9b2a637d96fd\node_modules\react-dom\cjs\react-dom.development.js:22157:12)
    at workLoopSync (D:\Aprendo\Proyectos\React\FakeApi\c23a691f-d834-420c-b26d-9b2a637d96fd\node_modules\react-dom\cjs\react-dom.development.js:22130:22)
    at performSyncWorkOnRoot (D:\Aprendo\Proyectos\React\FakeApi\c23a691f-d834-420c-b26d-9b2a637d96fd\node_modules\react-dom\cjs\react-dom.development.js:21756:9)
    at scheduleUpdateOnFiber (D:\Aprendo\Proyectos\React\FakeApi\c23a691f-d834-420c-b26d-9b2a637d96fd\node_modules\react-dom\cjs\react-dom.development.js:21188:7)
    at updateContainer (D:\Aprendo\Proyectos\React\FakeApi\c23a691f-d834-420c-b26d-9b2a637d96fd\node_modules\react-dom\cjs\react-dom.development.js:24373:3)
    at D:\Aprendo\Proyectos\React\FakeApi\c23a691f-d834-420c-b26d-9b2a637d96fd\node_modules\react-dom\cjs\react-dom.development.js:24758:7
    at unbatchedUpdates (D:\Aprendo\Proyectos\React\FakeApi\c23a691f-d834-420c-b26d-9b2a637d96fd\node_modules\react-dom\cjs\react-dom.development.js:21903:12)
    at legacyRenderSubtreeIntoContainer (D:\Aprendo\Proyectos\React\FakeApi\c23a691f-d834-420c-b26d-9b2a637d96fd\node_modules\react-dom\cjs\react-dom.development.js:24757:5)
    at Object.render (D:\Aprendo\Proyectos\React\FakeApi\c23a691f-d834-420c-b26d-9b2a637d96fd\node_modules\react-dom\cjs\react-dom.development.js:24840:10)
    at D:\Aprendo\Proyectos\React\FakeApi\c23a691f-d834-420c-b26d-9b2a637d96fd\node_modules\@testing-library\react\dist\pure.js:101:25
    at batchedUpdates$1 (D:\Aprendo\Proyectos\React\FakeApi\c23a691f-d834-420c-b26d-9b2a637d96fd\node_modules\react-dom\cjs\react-dom.development.js:21856:12)
    at act (D:\Aprendo\Proyectos\React\FakeApi\c23a691f-d834-420c-b26d-9b2a637d96fd\node_modules\react-dom\cjs\react-dom-test-utils.development.js:929:14)
    at render (D:\Aprendo\Proyectos\React\FakeApi\c23a691f-d834-420c-b26d-9b2a637d96fd\node_modules\@testing-library\react\dist\pure.js:97:26)
    at render (D:\Aprendo\Proyectos\React\FakeApi\c23a691f-d834-420c-b26d-9b2a637d96fd\src\__tests__\Login.test.tsx:15:9)
    at Object.&lt;anonymous&gt; (D:\Aprendo\Proyectos\React\FakeApi\c23a691f-d834-420c-b26d-9b2a637d96fd\src\__tests__\Login.test.tsx:20:3)
    at Promise.then.completed (D:\Aprendo\Proyectos\React\FakeApi\c23a691f-d834-420c-b26d-9b2a637d96fd\node_modules\jest-circus\build\utils.js:276:28)
    at new Promise (&lt;anonymous&gt;)
    at callAsyncCircusFn (D:\Aprendo\Proyectos\React\FakeApi\c23a691f-d834-420c-b26d-9b2a637d96fd\node_modules\jest-circus\build\utils.js:216:10)
    at _callCircusHook (D:\Aprendo\Proyectos\React\FakeApi\c23a691f-d834-420c-b26d-9b2a637d96fd\node_modules\jest-circus\build\run.js:175:40)
    at processTicksAndRejections (internal/process/task_queues.js:95:5)
    at _runTest (D:\Aprendo\Proyectos\React\FakeApi\c23a691f-d834-420c-b26d-9b2a637d96fd\node_modules\jest-circus\build\run.js:142:5)
    at _runTestsForDescribeBlock (D:\Aprendo\Proyectos\React\FakeApi\c23a691f-d834-420c-b26d-9b2a637d96fd\node_modules\jest-circus\build\run.js:63:9)
    at _runTestsForDescribeBlock (D:\Aprendo\Proyectos\React\FakeApi\c23a691f-d834-420c-b26d-9b2a637d96fd\node_modules\jest-circus\build\run.js:57:9)
    at run (D:\Aprendo\Proyectos\React\FakeApi\c23a691f-d834-420c-b26d-9b2a637d96fd\node_modules\jest-circus\build\run.js:25:3)
    at runAndTransformResultsToJestFormat (D:\Aprendo\Proyectos\React\FakeApi\c23a691f-d834-420c-b26d-9b2a637d96fd\node_modules\jest-circus\build\legacy-code-todo-rewrite\jestAdapterInit.js:176:21)
    at jestAdapter (D:\Aprendo\Proyectos\React\FakeApi\c23a691f-d834-420c-b26d-9b2a637d96fd\node_modules\jest-circus\build\legacy-code-todo-rewrite\jestAdapter.js:109:19)
    at runTestInternal (D:\Aprendo\Proyectos\React\FakeApi\c23a691f-d834-420c-b26d-9b2a637d96fd\node_modules\jest-runner\build\runTest.js:380:16)
    at runTest (D:\Aprendo\Proyectos\React\FakeApi\c23a691f-d834-420c-b26d-9b2a637d96fd\node_modules\jest-runner\build\runTest.js:472:34)
    at Object.worker (D:\Aprendo\Proyectos\React\FakeApi\c23a691f-d834-420c-b26d-9b2a637d96fd\node_modules\jest-runner\build\testWorker.js:133:12)</failure>
    </testcase>
  </testsuite>
  <testsuite name="Navigación" errors="0" failures="3" skipped="0" timestamp="2022-08-09T14:16:11" time="13.125" tests="4">
    <testcase classname="Navigación Opciones en el header Ingreso, Usuarios, Crear y Cerrar Sesión" name="Navigación Opciones en el header Ingreso, Usuarios, Crear y Cerrar Sesión" time="0.248">
      <failure>Error: could not find react-redux context value; please ensure the component is wrapped in a &lt;Provider&gt;
    at useReduxContext (D:\Aprendo\Proyectos\React\FakeApi\c23a691f-d834-420c-b26d-9b2a637d96fd\node_modules\react-redux\lib\hooks\useReduxContext.js:30:11)
    at useStore (D:\Aprendo\Proyectos\React\FakeApi\c23a691f-d834-420c-b26d-9b2a637d96fd\node_modules\react-redux\lib\hooks\useStore.js:28:28)
    at useDispatch (D:\Aprendo\Proyectos\React\FakeApi\c23a691f-d834-420c-b26d-9b2a637d96fd\node_modules\react-redux\lib\hooks\useDispatch.js:24:17)
    at LoginView (D:\Aprendo\Proyectos\React\FakeApi\c23a691f-d834-420c-b26d-9b2a637d96fd\src\views\LoginView.tsx:16:22)
    at renderWithHooks (D:\Aprendo\Proyectos\React\FakeApi\c23a691f-d834-420c-b26d-9b2a637d96fd\node_modules\react-dom\cjs\react-dom.development.js:14803:18)
    at mountIndeterminateComponent (D:\Aprendo\Proyectos\React\FakeApi\c23a691f-d834-420c-b26d-9b2a637d96fd\node_modules\react-dom\cjs\react-dom.development.js:17482:13)
    at beginWork (D:\Aprendo\Proyectos\React\FakeApi\c23a691f-d834-420c-b26d-9b2a637d96fd\node_modules\react-dom\cjs\react-dom.development.js:18596:16)
    at HTMLUnknownElement.callCallback (D:\Aprendo\Proyectos\React\FakeApi\c23a691f-d834-420c-b26d-9b2a637d96fd\node_modules\react-dom\cjs\react-dom.development.js:188:14)
    at HTMLUnknownElement.callTheUserObjectsOperation (D:\Aprendo\Proyectos\React\FakeApi\c23a691f-d834-420c-b26d-9b2a637d96fd\node_modules\jsdom\lib\jsdom\living\generated\EventListener.js:26:30)
    at innerInvokeEventListeners (D:\Aprendo\Proyectos\React\FakeApi\c23a691f-d834-420c-b26d-9b2a637d96fd\node_modules\jsdom\lib\jsdom\living\events\EventTarget-impl.js:338:25)
    at invokeEventListeners (D:\Aprendo\Proyectos\React\FakeApi\c23a691f-d834-420c-b26d-9b2a637d96fd\node_modules\jsdom\lib\jsdom\living\events\EventTarget-impl.js:274:3)
    at HTMLUnknownElementImpl._dispatch (D:\Aprendo\Proyectos\React\FakeApi\c23a691f-d834-420c-b26d-9b2a637d96fd\node_modules\jsdom\lib\jsdom\living\events\EventTarget-impl.js:221:9)
    at HTMLUnknownElementImpl.dispatchEvent (D:\Aprendo\Proyectos\React\FakeApi\c23a691f-d834-420c-b26d-9b2a637d96fd\node_modules\jsdom\lib\jsdom\living\events\EventTarget-impl.js:94:17)
    at HTMLUnknownElement.dispatchEvent (D:\Aprendo\Proyectos\React\FakeApi\c23a691f-d834-420c-b26d-9b2a637d96fd\node_modules\jsdom\lib\jsdom\living\generated\EventTarget.js:231:34)
    at Object.invokeGuardedCallbackDev (D:\Aprendo\Proyectos\React\FakeApi\c23a691f-d834-420c-b26d-9b2a637d96fd\node_modules\react-dom\cjs\react-dom.development.js:237:16)
    at invokeGuardedCallback (D:\Aprendo\Proyectos\React\FakeApi\c23a691f-d834-420c-b26d-9b2a637d96fd\node_modules\react-dom\cjs\react-dom.development.js:292:31)
    at beginWork$1 (D:\Aprendo\Proyectos\React\FakeApi\c23a691f-d834-420c-b26d-9b2a637d96fd\node_modules\react-dom\cjs\react-dom.development.js:23203:7)
    at performUnitOfWork (D:\Aprendo\Proyectos\React\FakeApi\c23a691f-d834-420c-b26d-9b2a637d96fd\node_modules\react-dom\cjs\react-dom.development.js:22157:12)
    at workLoopSync (D:\Aprendo\Proyectos\React\FakeApi\c23a691f-d834-420c-b26d-9b2a637d96fd\node_modules\react-dom\cjs\react-dom.development.js:22130:22)
    at performSyncWorkOnRoot (D:\Aprendo\Proyectos\React\FakeApi\c23a691f-d834-420c-b26d-9b2a637d96fd\node_modules\react-dom\cjs\react-dom.development.js:21756:9)
    at scheduleUpdateOnFiber (D:\Aprendo\Proyectos\React\FakeApi\c23a691f-d834-420c-b26d-9b2a637d96fd\node_modules\react-dom\cjs\react-dom.development.js:21188:7)
    at updateContainer (D:\Aprendo\Proyectos\React\FakeApi\c23a691f-d834-420c-b26d-9b2a637d96fd\node_modules\react-dom\cjs\react-dom.development.js:24373:3)
    at D:\Aprendo\Proyectos\React\FakeApi\c23a691f-d834-420c-b26d-9b2a637d96fd\node_modules\react-dom\cjs\react-dom.development.js:24758:7
    at unbatchedUpdates (D:\Aprendo\Proyectos\React\FakeApi\c23a691f-d834-420c-b26d-9b2a637d96fd\node_modules\react-dom\cjs\react-dom.development.js:21903:12)
    at legacyRenderSubtreeIntoContainer (D:\Aprendo\Proyectos\React\FakeApi\c23a691f-d834-420c-b26d-9b2a637d96fd\node_modules\react-dom\cjs\react-dom.development.js:24757:5)
    at Object.render (D:\Aprendo\Proyectos\React\FakeApi\c23a691f-d834-420c-b26d-9b2a637d96fd\node_modules\react-dom\cjs\react-dom.development.js:24840:10)
    at D:\Aprendo\Proyectos\React\FakeApi\c23a691f-d834-420c-b26d-9b2a637d96fd\node_modules\@testing-library\react\dist\pure.js:101:25
    at batchedUpdates$1 (D:\Aprendo\Proyectos\React\FakeApi\c23a691f-d834-420c-b26d-9b2a637d96fd\node_modules\react-dom\cjs\react-dom.development.js:21856:12)
    at act (D:\Aprendo\Proyectos\React\FakeApi\c23a691f-d834-420c-b26d-9b2a637d96fd\node_modules\react-dom\cjs\react-dom-test-utils.development.js:929:14)
    at render (D:\Aprendo\Proyectos\React\FakeApi\c23a691f-d834-420c-b26d-9b2a637d96fd\node_modules\@testing-library\react\dist\pure.js:97:26)
    at render (D:\Aprendo\Proyectos\React\FakeApi\c23a691f-d834-420c-b26d-9b2a637d96fd\src\__tests__\Navigation.test.tsx:16:9)
    at Object.&lt;anonymous&gt; (D:\Aprendo\Proyectos\React\FakeApi\c23a691f-d834-420c-b26d-9b2a637d96fd\src\__tests__\Navigation.test.tsx:23:3)
    at Promise.then.completed (D:\Aprendo\Proyectos\React\FakeApi\c23a691f-d834-420c-b26d-9b2a637d96fd\node_modules\jest-circus\build\utils.js:276:28)
    at new Promise (&lt;anonymous&gt;)
    at callAsyncCircusFn (D:\Aprendo\Proyectos\React\FakeApi\c23a691f-d834-420c-b26d-9b2a637d96fd\node_modules\jest-circus\build\utils.js:216:10)
    at _callCircusTest (D:\Aprendo\Proyectos\React\FakeApi\c23a691f-d834-420c-b26d-9b2a637d96fd\node_modules\jest-circus\build\run.js:212:40)
    at processTicksAndRejections (internal/process/task_queues.js:95:5)
    at _runTest (D:\Aprendo\Proyectos\React\FakeApi\c23a691f-d834-420c-b26d-9b2a637d96fd\node_modules\jest-circus\build\run.js:149:3)
    at _runTestsForDescribeBlock (D:\Aprendo\Proyectos\React\FakeApi\c23a691f-d834-420c-b26d-9b2a637d96fd\node_modules\jest-circus\build\run.js:63:9)
    at _runTestsForDescribeBlock (D:\Aprendo\Proyectos\React\FakeApi\c23a691f-d834-420c-b26d-9b2a637d96fd\node_modules\jest-circus\build\run.js:57:9)
    at run (D:\Aprendo\Proyectos\React\FakeApi\c23a691f-d834-420c-b26d-9b2a637d96fd\node_modules\jest-circus\build\run.js:25:3)
    at runAndTransformResultsToJestFormat (D:\Aprendo\Proyectos\React\FakeApi\c23a691f-d834-420c-b26d-9b2a637d96fd\node_modules\jest-circus\build\legacy-code-todo-rewrite\jestAdapterInit.js:176:21)
    at jestAdapter (D:\Aprendo\Proyectos\React\FakeApi\c23a691f-d834-420c-b26d-9b2a637d96fd\node_modules\jest-circus\build\legacy-code-todo-rewrite\jestAdapter.js:109:19)
    at runTestInternal (D:\Aprendo\Proyectos\React\FakeApi\c23a691f-d834-420c-b26d-9b2a637d96fd\node_modules\jest-runner\build\runTest.js:380:16)
    at runTest (D:\Aprendo\Proyectos\React\FakeApi\c23a691f-d834-420c-b26d-9b2a637d96fd\node_modules\jest-runner\build\runTest.js:472:34)
    at Object.worker (D:\Aprendo\Proyectos\React\FakeApi\c23a691f-d834-420c-b26d-9b2a637d96fd\node_modules\jest-runner\build\testWorker.js:133:12)</failure>
    </testcase>
    <testcase classname="Navigación Ruta Error404" name="Navigación Ruta Error404" time="0.106">
    </testcase>
    <testcase classname="Navigación Sin token redirige a Ingreso" name="Navigación Sin token redirige a Ingreso" time="0.028">
      <failure>Error: could not find react-redux context value; please ensure the component is wrapped in a &lt;Provider&gt;
    at useReduxContext (D:\Aprendo\Proyectos\React\FakeApi\c23a691f-d834-420c-b26d-9b2a637d96fd\node_modules\react-redux\lib\hooks\useReduxContext.js:30:11)
    at useStore (D:\Aprendo\Proyectos\React\FakeApi\c23a691f-d834-420c-b26d-9b2a637d96fd\node_modules\react-redux\lib\hooks\useStore.js:28:28)
    at useDispatch (D:\Aprendo\Proyectos\React\FakeApi\c23a691f-d834-420c-b26d-9b2a637d96fd\node_modules\react-redux\lib\hooks\useDispatch.js:24:17)
    at LoginView (D:\Aprendo\Proyectos\React\FakeApi\c23a691f-d834-420c-b26d-9b2a637d96fd\src\views\LoginView.tsx:16:22)
    at renderWithHooks (D:\Aprendo\Proyectos\React\FakeApi\c23a691f-d834-420c-b26d-9b2a637d96fd\node_modules\react-dom\cjs\react-dom.development.js:14803:18)
    at mountIndeterminateComponent (D:\Aprendo\Proyectos\React\FakeApi\c23a691f-d834-420c-b26d-9b2a637d96fd\node_modules\react-dom\cjs\react-dom.development.js:17482:13)
    at beginWork (D:\Aprendo\Proyectos\React\FakeApi\c23a691f-d834-420c-b26d-9b2a637d96fd\node_modules\react-dom\cjs\react-dom.development.js:18596:16)
    at HTMLUnknownElement.callCallback (D:\Aprendo\Proyectos\React\FakeApi\c23a691f-d834-420c-b26d-9b2a637d96fd\node_modules\react-dom\cjs\react-dom.development.js:188:14)
    at HTMLUnknownElement.callTheUserObjectsOperation (D:\Aprendo\Proyectos\React\FakeApi\c23a691f-d834-420c-b26d-9b2a637d96fd\node_modules\jsdom\lib\jsdom\living\generated\EventListener.js:26:30)
    at innerInvokeEventListeners (D:\Aprendo\Proyectos\React\FakeApi\c23a691f-d834-420c-b26d-9b2a637d96fd\node_modules\jsdom\lib\jsdom\living\events\EventTarget-impl.js:338:25)
    at invokeEventListeners (D:\Aprendo\Proyectos\React\FakeApi\c23a691f-d834-420c-b26d-9b2a637d96fd\node_modules\jsdom\lib\jsdom\living\events\EventTarget-impl.js:274:3)
    at HTMLUnknownElementImpl._dispatch (D:\Aprendo\Proyectos\React\FakeApi\c23a691f-d834-420c-b26d-9b2a637d96fd\node_modules\jsdom\lib\jsdom\living\events\EventTarget-impl.js:221:9)
    at HTMLUnknownElementImpl.dispatchEvent (D:\Aprendo\Proyectos\React\FakeApi\c23a691f-d834-420c-b26d-9b2a637d96fd\node_modules\jsdom\lib\jsdom\living\events\EventTarget-impl.js:94:17)
    at HTMLUnknownElement.dispatchEvent (D:\Aprendo\Proyectos\React\FakeApi\c23a691f-d834-420c-b26d-9b2a637d96fd\node_modules\jsdom\lib\jsdom\living\generated\EventTarget.js:231:34)
    at Object.invokeGuardedCallbackDev (D:\Aprendo\Proyectos\React\FakeApi\c23a691f-d834-420c-b26d-9b2a637d96fd\node_modules\react-dom\cjs\react-dom.development.js:237:16)
    at invokeGuardedCallback (D:\Aprendo\Proyectos\React\FakeApi\c23a691f-d834-420c-b26d-9b2a637d96fd\node_modules\react-dom\cjs\react-dom.development.js:292:31)
    at beginWork$1 (D:\Aprendo\Proyectos\React\FakeApi\c23a691f-d834-420c-b26d-9b2a637d96fd\node_modules\react-dom\cjs\react-dom.development.js:23203:7)
    at performUnitOfWork (D:\Aprendo\Proyectos\React\FakeApi\c23a691f-d834-420c-b26d-9b2a637d96fd\node_modules\react-dom\cjs\react-dom.development.js:22157:12)
    at workLoopSync (D:\Aprendo\Proyectos\React\FakeApi\c23a691f-d834-420c-b26d-9b2a637d96fd\node_modules\react-dom\cjs\react-dom.development.js:22130:22)
    at performSyncWorkOnRoot (D:\Aprendo\Proyectos\React\FakeApi\c23a691f-d834-420c-b26d-9b2a637d96fd\node_modules\react-dom\cjs\react-dom.development.js:21756:9)
    at scheduleUpdateOnFiber (D:\Aprendo\Proyectos\React\FakeApi\c23a691f-d834-420c-b26d-9b2a637d96fd\node_modules\react-dom\cjs\react-dom.development.js:21188:7)
    at updateContainer (D:\Aprendo\Proyectos\React\FakeApi\c23a691f-d834-420c-b26d-9b2a637d96fd\node_modules\react-dom\cjs\react-dom.development.js:24373:3)
    at D:\Aprendo\Proyectos\React\FakeApi\c23a691f-d834-420c-b26d-9b2a637d96fd\node_modules\react-dom\cjs\react-dom.development.js:24758:7
    at unbatchedUpdates (D:\Aprendo\Proyectos\React\FakeApi\c23a691f-d834-420c-b26d-9b2a637d96fd\node_modules\react-dom\cjs\react-dom.development.js:21903:12)
    at legacyRenderSubtreeIntoContainer (D:\Aprendo\Proyectos\React\FakeApi\c23a691f-d834-420c-b26d-9b2a637d96fd\node_modules\react-dom\cjs\react-dom.development.js:24757:5)
    at Object.render (D:\Aprendo\Proyectos\React\FakeApi\c23a691f-d834-420c-b26d-9b2a637d96fd\node_modules\react-dom\cjs\react-dom.development.js:24840:10)
    at D:\Aprendo\Proyectos\React\FakeApi\c23a691f-d834-420c-b26d-9b2a637d96fd\node_modules\@testing-library\react\dist\pure.js:101:25
    at batchedUpdates$1 (D:\Aprendo\Proyectos\React\FakeApi\c23a691f-d834-420c-b26d-9b2a637d96fd\node_modules\react-dom\cjs\react-dom.development.js:21856:12)
    at act (D:\Aprendo\Proyectos\React\FakeApi\c23a691f-d834-420c-b26d-9b2a637d96fd\node_modules\react-dom\cjs\react-dom-test-utils.development.js:929:14)
    at render (D:\Aprendo\Proyectos\React\FakeApi\c23a691f-d834-420c-b26d-9b2a637d96fd\node_modules\@testing-library\react\dist\pure.js:97:26)
    at render (D:\Aprendo\Proyectos\React\FakeApi\c23a691f-d834-420c-b26d-9b2a637d96fd\src\__tests__\Navigation.test.tsx:16:9)
    at Object.&lt;anonymous&gt; (D:\Aprendo\Proyectos\React\FakeApi\c23a691f-d834-420c-b26d-9b2a637d96fd\src\__tests__\Navigation.test.tsx:42:3)
    at Promise.then.completed (D:\Aprendo\Proyectos\React\FakeApi\c23a691f-d834-420c-b26d-9b2a637d96fd\node_modules\jest-circus\build\utils.js:276:28)
    at new Promise (&lt;anonymous&gt;)
    at callAsyncCircusFn (D:\Aprendo\Proyectos\React\FakeApi\c23a691f-d834-420c-b26d-9b2a637d96fd\node_modules\jest-circus\build\utils.js:216:10)
    at _callCircusTest (D:\Aprendo\Proyectos\React\FakeApi\c23a691f-d834-420c-b26d-9b2a637d96fd\node_modules\jest-circus\build\run.js:212:40)
    at processTicksAndRejections (internal/process/task_queues.js:95:5)
    at _runTest (D:\Aprendo\Proyectos\React\FakeApi\c23a691f-d834-420c-b26d-9b2a637d96fd\node_modules\jest-circus\build\run.js:149:3)
    at _runTestsForDescribeBlock (D:\Aprendo\Proyectos\React\FakeApi\c23a691f-d834-420c-b26d-9b2a637d96fd\node_modules\jest-circus\build\run.js:63:9)
    at _runTestsForDescribeBlock (D:\Aprendo\Proyectos\React\FakeApi\c23a691f-d834-420c-b26d-9b2a637d96fd\node_modules\jest-circus\build\run.js:57:9)
    at run (D:\Aprendo\Proyectos\React\FakeApi\c23a691f-d834-420c-b26d-9b2a637d96fd\node_modules\jest-circus\build\run.js:25:3)
    at runAndTransformResultsToJestFormat (D:\Aprendo\Proyectos\React\FakeApi\c23a691f-d834-420c-b26d-9b2a637d96fd\node_modules\jest-circus\build\legacy-code-todo-rewrite\jestAdapterInit.js:176:21)
    at jestAdapter (D:\Aprendo\Proyectos\React\FakeApi\c23a691f-d834-420c-b26d-9b2a637d96fd\node_modules\jest-circus\build\legacy-code-todo-rewrite\jestAdapter.js:109:19)
    at runTestInternal (D:\Aprendo\Proyectos\React\FakeApi\c23a691f-d834-420c-b26d-9b2a637d96fd\node_modules\jest-runner\build\runTest.js:380:16)
    at runTest (D:\Aprendo\Proyectos\React\FakeApi\c23a691f-d834-420c-b26d-9b2a637d96fd\node_modules\jest-runner\build\runTest.js:472:34)
    at Object.worker (D:\Aprendo\Proyectos\React\FakeApi\c23a691f-d834-420c-b26d-9b2a637d96fd\node_modules\jest-runner\build\testWorker.js:133:12)</failure>
    </testcase>
    <testcase classname="Navigación Con token navega a crear, usuarios y cierra sesión." name="Navigación Con token navega a crear, usuarios y cierra sesión." time="0.031">
      <failure>Error: could not find react-redux context value; please ensure the component is wrapped in a &lt;Provider&gt;
    at useReduxContext (D:\Aprendo\Proyectos\React\FakeApi\c23a691f-d834-420c-b26d-9b2a637d96fd\node_modules\react-redux\lib\hooks\useReduxContext.js:30:11)
    at useStore (D:\Aprendo\Proyectos\React\FakeApi\c23a691f-d834-420c-b26d-9b2a637d96fd\node_modules\react-redux\lib\hooks\useStore.js:28:28)
    at useDispatch (D:\Aprendo\Proyectos\React\FakeApi\c23a691f-d834-420c-b26d-9b2a637d96fd\node_modules\react-redux\lib\hooks\useDispatch.js:24:17)
    at LoginView (D:\Aprendo\Proyectos\React\FakeApi\c23a691f-d834-420c-b26d-9b2a637d96fd\src\views\LoginView.tsx:16:22)
    at renderWithHooks (D:\Aprendo\Proyectos\React\FakeApi\c23a691f-d834-420c-b26d-9b2a637d96fd\node_modules\react-dom\cjs\react-dom.development.js:14803:18)
    at mountIndeterminateComponent (D:\Aprendo\Proyectos\React\FakeApi\c23a691f-d834-420c-b26d-9b2a637d96fd\node_modules\react-dom\cjs\react-dom.development.js:17482:13)
    at beginWork (D:\Aprendo\Proyectos\React\FakeApi\c23a691f-d834-420c-b26d-9b2a637d96fd\node_modules\react-dom\cjs\react-dom.development.js:18596:16)
    at HTMLUnknownElement.callCallback (D:\Aprendo\Proyectos\React\FakeApi\c23a691f-d834-420c-b26d-9b2a637d96fd\node_modules\react-dom\cjs\react-dom.development.js:188:14)
    at HTMLUnknownElement.callTheUserObjectsOperation (D:\Aprendo\Proyectos\React\FakeApi\c23a691f-d834-420c-b26d-9b2a637d96fd\node_modules\jsdom\lib\jsdom\living\generated\EventListener.js:26:30)
    at innerInvokeEventListeners (D:\Aprendo\Proyectos\React\FakeApi\c23a691f-d834-420c-b26d-9b2a637d96fd\node_modules\jsdom\lib\jsdom\living\events\EventTarget-impl.js:338:25)
    at invokeEventListeners (D:\Aprendo\Proyectos\React\FakeApi\c23a691f-d834-420c-b26d-9b2a637d96fd\node_modules\jsdom\lib\jsdom\living\events\EventTarget-impl.js:274:3)
    at HTMLUnknownElementImpl._dispatch (D:\Aprendo\Proyectos\React\FakeApi\c23a691f-d834-420c-b26d-9b2a637d96fd\node_modules\jsdom\lib\jsdom\living\events\EventTarget-impl.js:221:9)
    at HTMLUnknownElementImpl.dispatchEvent (D:\Aprendo\Proyectos\React\FakeApi\c23a691f-d834-420c-b26d-9b2a637d96fd\node_modules\jsdom\lib\jsdom\living\events\EventTarget-impl.js:94:17)
    at HTMLUnknownElement.dispatchEvent (D:\Aprendo\Proyectos\React\FakeApi\c23a691f-d834-420c-b26d-9b2a637d96fd\node_modules\jsdom\lib\jsdom\living\generated\EventTarget.js:231:34)
    at Object.invokeGuardedCallbackDev (D:\Aprendo\Proyectos\React\FakeApi\c23a691f-d834-420c-b26d-9b2a637d96fd\node_modules\react-dom\cjs\react-dom.development.js:237:16)
    at invokeGuardedCallback (D:\Aprendo\Proyectos\React\FakeApi\c23a691f-d834-420c-b26d-9b2a637d96fd\node_modules\react-dom\cjs\react-dom.development.js:292:31)
    at beginWork$1 (D:\Aprendo\Proyectos\React\FakeApi\c23a691f-d834-420c-b26d-9b2a637d96fd\node_modules\react-dom\cjs\react-dom.development.js:23203:7)
    at performUnitOfWork (D:\Aprendo\Proyectos\React\FakeApi\c23a691f-d834-420c-b26d-9b2a637d96fd\node_modules\react-dom\cjs\react-dom.development.js:22157:12)
    at workLoopSync (D:\Aprendo\Proyectos\React\FakeApi\c23a691f-d834-420c-b26d-9b2a637d96fd\node_modules\react-dom\cjs\react-dom.development.js:22130:22)
    at performSyncWorkOnRoot (D:\Aprendo\Proyectos\React\FakeApi\c23a691f-d834-420c-b26d-9b2a637d96fd\node_modules\react-dom\cjs\react-dom.development.js:21756:9)
    at scheduleUpdateOnFiber (D:\Aprendo\Proyectos\React\FakeApi\c23a691f-d834-420c-b26d-9b2a637d96fd\node_modules\react-dom\cjs\react-dom.development.js:21188:7)
    at updateContainer (D:\Aprendo\Proyectos\React\FakeApi\c23a691f-d834-420c-b26d-9b2a637d96fd\node_modules\react-dom\cjs\react-dom.development.js:24373:3)
    at D:\Aprendo\Proyectos\React\FakeApi\c23a691f-d834-420c-b26d-9b2a637d96fd\node_modules\react-dom\cjs\react-dom.development.js:24758:7
    at unbatchedUpdates (D:\Aprendo\Proyectos\React\FakeApi\c23a691f-d834-420c-b26d-9b2a637d96fd\node_modules\react-dom\cjs\react-dom.development.js:21903:12)
    at legacyRenderSubtreeIntoContainer (D:\Aprendo\Proyectos\React\FakeApi\c23a691f-d834-420c-b26d-9b2a637d96fd\node_modules\react-dom\cjs\react-dom.development.js:24757:5)
    at Object.render (D:\Aprendo\Proyectos\React\FakeApi\c23a691f-d834-420c-b26d-9b2a637d96fd\node_modules\react-dom\cjs\react-dom.development.js:24840:10)
    at D:\Aprendo\Proyectos\React\FakeApi\c23a691f-d834-420c-b26d-9b2a637d96fd\node_modules\@testing-library\react\dist\pure.js:101:25
    at batchedUpdates$1 (D:\Aprendo\Proyectos\React\FakeApi\c23a691f-d834-420c-b26d-9b2a637d96fd\node_modules\react-dom\cjs\react-dom.development.js:21856:12)
    at act (D:\Aprendo\Proyectos\React\FakeApi\c23a691f-d834-420c-b26d-9b2a637d96fd\node_modules\react-dom\cjs\react-dom-test-utils.development.js:929:14)
    at render (D:\Aprendo\Proyectos\React\FakeApi\c23a691f-d834-420c-b26d-9b2a637d96fd\node_modules\@testing-library\react\dist\pure.js:97:26)
    at render (D:\Aprendo\Proyectos\React\FakeApi\c23a691f-d834-420c-b26d-9b2a637d96fd\src\__tests__\Navigation.test.tsx:16:9)
    at Object.&lt;anonymous&gt; (D:\Aprendo\Proyectos\React\FakeApi\c23a691f-d834-420c-b26d-9b2a637d96fd\src\__tests__\Navigation.test.tsx:54:3)
    at Promise.then.completed (D:\Aprendo\Proyectos\React\FakeApi\c23a691f-d834-420c-b26d-9b2a637d96fd\node_modules\jest-circus\build\utils.js:276:28)
    at new Promise (&lt;anonymous&gt;)
    at callAsyncCircusFn (D:\Aprendo\Proyectos\React\FakeApi\c23a691f-d834-420c-b26d-9b2a637d96fd\node_modules\jest-circus\build\utils.js:216:10)
    at _callCircusTest (D:\Aprendo\Proyectos\React\FakeApi\c23a691f-d834-420c-b26d-9b2a637d96fd\node_modules\jest-circus\build\run.js:212:40)
    at processTicksAndRejections (internal/process/task_queues.js:95:5)
    at _runTest (D:\Aprendo\Proyectos\React\FakeApi\c23a691f-d834-420c-b26d-9b2a637d96fd\node_modules\jest-circus\build\run.js:149:3)
    at _runTestsForDescribeBlock (D:\Aprendo\Proyectos\React\FakeApi\c23a691f-d834-420c-b26d-9b2a637d96fd\node_modules\jest-circus\build\run.js:63:9)
    at _runTestsForDescribeBlock (D:\Aprendo\Proyectos\React\FakeApi\c23a691f-d834-420c-b26d-9b2a637d96fd\node_modules\jest-circus\build\run.js:57:9)
    at run (D:\Aprendo\Proyectos\React\FakeApi\c23a691f-d834-420c-b26d-9b2a637d96fd\node_modules\jest-circus\build\run.js:25:3)
    at runAndTransformResultsToJestFormat (D:\Aprendo\Proyectos\React\FakeApi\c23a691f-d834-420c-b26d-9b2a637d96fd\node_modules\jest-circus\build\legacy-code-todo-rewrite\jestAdapterInit.js:176:21)
    at jestAdapter (D:\Aprendo\Proyectos\React\FakeApi\c23a691f-d834-420c-b26d-9b2a637d96fd\node_modules\jest-circus\build\legacy-code-todo-rewrite\jestAdapter.js:109:19)
    at runTestInternal (D:\Aprendo\Proyectos\React\FakeApi\c23a691f-d834-420c-b26d-9b2a637d96fd\node_modules\jest-runner\build\runTest.js:380:16)
    at runTest (D:\Aprendo\Proyectos\React\FakeApi\c23a691f-d834-420c-b26d-9b2a637d96fd\node_modules\jest-runner\build\runTest.js:472:34)
    at Object.worker (D:\Aprendo\Proyectos\React\FakeApi\c23a691f-d834-420c-b26d-9b2a637d96fd\node_modules\jest-runner\build\testWorker.js:133:12)</failure>
    </testcase>
  </testsuite>
</testsuites>